Archive member included to satisfy reference by file (symbol)

c:/st/stm32cubeide_1.3.0/stm32cubeide/plugins/com.st.stm32cube.ide.mcu.externaltools.gnu-tools-for-stm32.7-2018-q2-update.win32_1.0.0.201904181610/tools/bin/../lib/gcc/arm-none-eabi/7.3.1/../../../../arm-none-eabi/lib/thumb/v7-m\libc_nano.a(lib_a-exit.o)
                              c:/st/stm32cubeide_1.3.0/stm32cubeide/plugins/com.st.stm32cube.ide.mcu.externaltools.gnu-tools-for-stm32.7-2018-q2-update.win32_1.0.0.201904181610/tools/bin/../lib/gcc/arm-none-eabi/7.3.1/../../../../arm-none-eabi/lib/thumb/v7-m/crt0.o (exit)
c:/st/stm32cubeide_1.3.0/stm32cubeide/plugins/com.st.stm32cube.ide.mcu.externaltools.gnu-tools-for-stm32.7-2018-q2-update.win32_1.0.0.201904181610/tools/bin/../lib/gcc/arm-none-eabi/7.3.1/../../../../arm-none-eabi/lib/thumb/v7-m\libc_nano.a(lib_a-impure.o)
                              c:/st/stm32cubeide_1.3.0/stm32cubeide/plugins/com.st.stm32cube.ide.mcu.externaltools.gnu-tools-for-stm32.7-2018-q2-update.win32_1.0.0.201904181610/tools/bin/../lib/gcc/arm-none-eabi/7.3.1/../../../../arm-none-eabi/lib/thumb/v7-m\libc_nano.a(lib_a-exit.o) (_global_impure_ptr)
c:/st/stm32cubeide_1.3.0/stm32cubeide/plugins/com.st.stm32cube.ide.mcu.externaltools.gnu-tools-for-stm32.7-2018-q2-update.win32_1.0.0.201904181610/tools/bin/../lib/gcc/arm-none-eabi/7.3.1/../../../../arm-none-eabi/lib/thumb/v7-m\libc_nano.a(lib_a-init.o)
                              c:/st/stm32cubeide_1.3.0/stm32cubeide/plugins/com.st.stm32cube.ide.mcu.externaltools.gnu-tools-for-stm32.7-2018-q2-update.win32_1.0.0.201904181610/tools/bin/../lib/gcc/arm-none-eabi/7.3.1/../../../../arm-none-eabi/lib/thumb/v7-m/crt0.o (__libc_init_array)
c:/st/stm32cubeide_1.3.0/stm32cubeide/plugins/com.st.stm32cube.ide.mcu.externaltools.gnu-tools-for-stm32.7-2018-q2-update.win32_1.0.0.201904181610/tools/bin/../lib/gcc/arm-none-eabi/7.3.1/../../../../arm-none-eabi/lib/thumb/v7-m\libc_nano.a(lib_a-memset.o)
                              c:/st/stm32cubeide_1.3.0/stm32cubeide/plugins/com.st.stm32cube.ide.mcu.externaltools.gnu-tools-for-stm32.7-2018-q2-update.win32_1.0.0.201904181610/tools/bin/../lib/gcc/arm-none-eabi/7.3.1/../../../../arm-none-eabi/lib/thumb/v7-m/crt0.o (memset)
c:/st/stm32cubeide_1.3.0/stm32cubeide/plugins/com.st.stm32cube.ide.mcu.externaltools.gnu-tools-for-stm32.7-2018-q2-update.win32_1.0.0.201904181610/tools/bin/../lib/gcc/arm-none-eabi/7.3.1/../../../../arm-none-eabi/lib/thumb/v7-m\libnosys.a(_exit.o)
                              c:/st/stm32cubeide_1.3.0/stm32cubeide/plugins/com.st.stm32cube.ide.mcu.externaltools.gnu-tools-for-stm32.7-2018-q2-update.win32_1.0.0.201904181610/tools/bin/../lib/gcc/arm-none-eabi/7.3.1/../../../../arm-none-eabi/lib/thumb/v7-m\libc_nano.a(lib_a-exit.o) (_exit)

Allocating common symbols
Common symbol       size              file

ifbsum              0x4               Core/Src/main.o
GPIOC               0x4               Core/STM32F10x_StdPeriph_Driver/src/stm32f10x_lib.o
FLASH               0x4               Core/STM32F10x_StdPeriph_Driver/src/stm32f10x_lib.o
SCB                 0x4               Core/STM32F10x_StdPeriph_Driver/src/stm32f10x_lib.o
zccounter           0x2               Core/Src/main.o
commcounter         0x2               Core/Src/main.o
reverse             0x1               Core/Src/motorcontrol.o
USART2              0x4               Core/STM32F10x_StdPeriph_Driver/src/stm32f10x_lib.o
I2C1                0x4               Core/STM32F10x_StdPeriph_Driver/src/stm32f10x_lib.o
WWDG                0x4               Core/STM32F10x_StdPeriph_Driver/src/stm32f10x_lib.o
TIM3                0x4               Core/STM32F10x_StdPeriph_Driver/src/stm32f10x_lib.o
ledstate            0x1               Core/Src/main.o
motorcurrent        0x2               Core/Src/motorcontrol.o
autostep            0x1               Core/Src/main.o
averagespeed        0x4               Core/Src/motorcontrol.o
heartbeat2time      0x4               Core/Src/main.o
position            0x4               Core/Src/main.o
SPI1                0x4               Core/STM32F10x_StdPeriph_Driver/src/stm32f10x_lib.o
risingdelay         0x1               Core/Src/main.o
ifbcount            0x2               Core/Src/main.o
uwTick              0x4               Drivers/STM32F1xx_HAL_Driver/Src/stm32f1xx_hal.o
NVIC                0x4               Core/STM32F10x_StdPeriph_Driver/src/stm32f10x_lib.o
startstate          0x1               Core/Src/main.o
rpmref              0x2               Core/Src/main.o
GPIOE               0x4               Core/STM32F10x_StdPeriph_Driver/src/stm32f10x_lib.o
EXTI                0x4               Core/STM32F10x_StdPeriph_Driver/src/stm32f10x_lib.o
bemfsample          0x2               Core/Src/main.o
pFlash              0x20              Drivers/STM32F1xx_HAL_Driver/Src/stm32f1xx_hal_flash.o
ledtime             0x4               Core/Src/main.o
TIM4                0x4               Core/STM32F10x_StdPeriph_Driver/src/stm32f10x_lib.o
[...]
Memory Configuration

Name             Origin             Length             Attributes
RAM              0x0000000020000000 0x0000000000005000 xrw
FLASH            0x0000000008000000 0x0000000000010000 xr
*default*        0x0000000000000000 0xffffffffffffffff

Linker script and memory map

LOAD c:/st/stm32cubeide_1.3.0/stm32cubeide/plugins/com.st.stm32cube.ide.mcu.externaltools.gnu-tools-for-stm32.7-2018-q2-update.win32_1.0.0.201904181610/tools/bin/../lib/gcc/arm-none-eabi/7.3.1/thumb/v7-m/crti.o
LOAD c:/st/stm32cubeide_1.3.0/stm32cubeide/plugins/com.st.stm32cube.ide.mcu.externaltools.gnu-tools-for-stm32.7-2018-q2-update.win32_1.0.0.201904181610/tools/bin/../lib/gcc/arm-none-eabi/7.3.1/thumb/v7-m/crtbegin.o
LOAD c:/st/stm32cubeide_1.3.0/stm32cubeide/plugins/com.st.stm32cube.ide.mcu.externaltools.gnu-tools-for-stm32.7-2018-q2-update.win32_1.0.0.201904181610/tools/bin/../lib/gcc/arm-none-eabi/7.3.1/../../../../arm-none-eabi/lib/thumb/v7-m/crt0.o
LOAD Core/Inc/stm32f1xx_hal_msp.o
LOAD Core/STM32F10x_StdPeriph_Driver/src/cortexm3_macro.o
LOAD Core/STM32F10x_StdPeriph_Driver/src/stm32f10x_adc.o
LOAD Core/STM32F10x_StdPeriph_Driver/src/stm32f10x_bkp.o
LOAD Core/STM32F10x_StdPeriph_Driver/src/stm32f10x_can.o
LOAD Core/STM32F10x_StdPeriph_Driver/src/stm32f10x_dma.o
LOAD Core/STM32F10x_StdPeriph_Driver/src/stm32f10x_exti.o
LOAD Core/STM32F10x_StdPeriph_Driver/src/stm32f10x_flash.o
LOAD Core/STM32F10x_StdPeriph_Driver/src/stm32f10x_gpio.o
LOAD Core/STM32F10x_StdPeriph_Driver/src/stm32f10x_i2c.o
LOAD Core/STM32F10x_StdPeriph_Driver/src/stm32f10x_iwdg.o
LOAD Core/STM32F10x_StdPeriph_Driver/src/stm32f10x_lib.o
LOAD Core/STM32F10x_StdPeriph_Driver/src/stm32f10x_nvic.o
LOAD Core/STM32F10x_StdPeriph_Driver/src/stm32f10x_pwr.o
LOAD Core/STM32F10x_StdPeriph_Driver/src/stm32f10x_rcc.o
LOAD Core/STM32F10x_StdPeriph_Driver/src/stm32f10x_rtc.o
LOAD Core/STM32F10x_StdPeriph_Driver/src/stm32f10x_spi.o
LOAD Core/STM32F10x_StdPeriph_Driver/src/stm32f10x_systick.o
LOAD Core/STM32F10x_StdPeriph_Driver/src/stm32f10x_tim.o
LOAD Core/STM32F10x_StdPeriph_Driver/src/stm32f10x_tim1.o
LOAD Core/STM32F10x_StdPeriph_Driver/src/stm32f10x_usart.o
LOAD Core/STM32F10x_StdPeriph_Driver/src/stm32f10x_vector.o
LOAD Core/STM32F10x_StdPeriph_Driver/src/stm32f10x_wwdg.o
LOAD Core/Src/SystemConfig.o
LOAD Core/Src/main.o
LOAD Core/Src/motorcontrol.o
LOAD Core/Src/stm32f10x_it.o
LOAD Drivers/STM32F1xx_HAL_Driver/Src/stm32f1xx_hal.o
LOAD Drivers/STM32F1xx_HAL_Driver/Src/stm32f1xx_hal_adc.o
LOAD Drivers/STM32F1xx_HAL_Driver/Src/stm32f1xx_hal_adc_ex.o
LOAD Drivers/STM32F1xx_HAL_Driver/Src/stm32f1xx_hal_can.o
LOAD Drivers/STM32F1xx_HAL_Driver/Src/stm32f1xx_hal_cortex.o
LOAD Drivers/STM32F1xx_HAL_Driver/Src/stm32f1xx_hal_dma.o
LOAD Drivers/STM32F1xx_HAL_Driver/Src/stm32f1xx_hal_exti.o
LOAD Drivers/STM32F1xx_HAL_Driver/Src/stm32f1xx_hal_flash.o
LOAD Drivers/STM32F1xx_HAL_Driver/Src/stm32f1xx_hal_flash_ex.o
LOAD Drivers/STM32F1xx_HAL_Driver/Src/stm32f1xx_hal_gpio.o
LOAD Drivers/STM32F1xx_HAL_Driver/Src/stm32f1xx_hal_gpio_ex.o
LOAD Drivers/STM32F1xx_HAL_Driver/Src/stm32f1xx_hal_i2c.o
LOAD Drivers/STM32F1xx_HAL_Driver/Src/stm32f1xx_hal_pwr.o
LOAD Drivers/STM32F1xx_HAL_Driver/Src/stm32f1xx_hal_rcc.o
LOAD Drivers/STM32F1xx_HAL_Driver/Src/stm32f1xx_hal_rcc_ex.o
LOAD Drivers/STM32F1xx_HAL_Driver/Src/stm32f1xx_hal_spi.o
LOAD Drivers/STM32F1xx_HAL_Driver/Src/stm32f1xx_hal_tim.o
LOAD Drivers/STM32F1xx_HAL_Driver/Src/stm32f1xx_hal_tim_ex.o
START GROUP
LOAD c:/st/stm32cubeide_1.3.0/stm32cubeide/plugins/com.st.stm32cube.ide.mcu.externaltools.gnu-tools-for-stm32.7-2018-q2-update.win32_1.0.0.201904181610/tools/bin/../lib/gcc/arm-none-eabi/7.3.1/../../../../arm-none-eabi/lib/thumb/v7-m\libc_nano.a
LOAD c:/st/stm32cubeide_1.3.0/stm32cubeide/plugins/com.st.stm32cube.ide.mcu.externaltools.gnu-tools-for-stm32.7-2018-q2-update.win32_1.0.0.201904181610/tools/bin/../lib/gcc/arm-none-eabi/7.3.1/../../../../arm-none-eabi/lib/thumb/v7-m\libm.a
END GROUP
START GROUP
LOAD c:/st/stm32cubeide_1.3.0/stm32cubeide/plugins/com.st.stm32cube.ide.mcu.externaltools.gnu-tools-for-stm32.7-2018-q2-update.win32_1.0.0.201904181610/tools/bin/../lib/gcc/arm-none-eabi/7.3.1/thumb/v7-m\libgcc.a
LOAD c:/st/stm32cubeide_1.3.0/stm32cubeide/plugins/com.st.stm32cube.ide.mcu.externaltools.gnu-tools-for-stm32.7-2018-q2-update.win32_1.0.0.201904181610/tools/bin/../lib/gcc/arm-none-eabi/7.3.1/../../../../arm-none-eabi/lib/thumb/v7-m\libc_nano.a
END GROUP
START GROUP
LOAD c:/st/stm32cubeide_1.3.0/stm32cubeide/plugins/com.st.stm32cube.ide.mcu.externaltools.gnu-tools-for-stm32.7-2018-q2-update.win32_1.0.0.201904181610/tools/bin/../lib/gcc/arm-none-eabi/7.3.1/thumb/v7-m\libgcc.a
LOAD c:/st/stm32cubeide_1.3.0/stm32cubeide/plugins/com.st.stm32cube.ide.mcu.externaltools.gnu-tools-for-stm32.7-2018-q2-update.win32_1.0.0.201904181610/tools/bin/../lib/gcc/arm-none-eabi/7.3.1/../../../../arm-none-eabi/lib/thumb/v7-m\libc_nano.a
LOAD c:/st/stm32cubeide_1.3.0/stm32cubeide/plugins/com.st.stm32cube.ide.mcu.externaltools.gnu-tools-for-stm32.7-2018-q2-update.win32_1.0.0.201904181610/tools/bin/../lib/gcc/arm-none-eabi/7.3.1/../../../../arm-none-eabi/lib/thumb/v7-m\libnosys.a
END GROUP
START GROUP
LOAD c:/st/stm32cubeide_1.3.0/stm32cubeide/plugins/com.st.stm32cube.ide.mcu.externaltools.gnu-tools-for-stm32.7-2018-q2-update.win32_1.0.0.201904181610/tools/bin/../lib/gcc/arm-none-eabi/7.3.1/thumb/v7-m\libgcc.a
LOAD c:/st/stm32cubeide_1.3.0/stm32cubeide/plugins/com.st.stm32cube.ide.mcu.externaltools.gnu-tools-for-stm32.7-2018-q2-update.win32_1.0.0.201904181610/tools/bin/../lib/gcc/arm-none-eabi/7.3.1/../../../../arm-none-eabi/lib/thumb/v7-m\libc_nano.a
LOAD c:/st/stm32cubeide_1.3.0/stm32cubeide/plugins/com.st.stm32cube.ide.mcu.externaltools.gnu-tools-for-stm32.7-2018-q2-update.win32_1.0.0.201904181610/tools/bin/../lib/gcc/arm-none-eabi/7.3.1/../../../../arm-none-eabi/lib/thumb/v7-m\libnosys.a
END GROUP
LOAD c:/st/stm32cubeide_1.3.0/stm32cubeide/plugins/com.st.stm32cube.ide.mcu.externaltools.gnu-tools-for-stm32.7-2018-q2-update.win32_1.0.0.201904181610/tools/bin/../lib/gcc/arm-none-eabi/7.3.1/thumb/v7-m/crtend.o
LOAD c:/st/stm32cubeide_1.3.0/stm32cubeide/plugins/com.st.stm32cube.ide.mcu.externaltools.gnu-tools-for-stm32.7-2018-q2-update.win32_1.0.0.201904181610/tools/bin/../lib/gcc/arm-none-eabi/7.3.1/thumb/v7-m/crtn.o
                0x0000000020005000                _estack = (ORIGIN (RAM) + LENGTH (RAM))
                0x0000000000000200                _Min_Heap_Size = 0x200
                0x0000000000000400                _Min_Stack_Size = 0x400

.isr_vector     0x0000000008000000      0x10c
                0x0000000008000000                . = ALIGN (0x4)
 *(.isr_vector)
 .isr_vector    0x0000000008000000      0x10c Core/STM32F10x_StdPeriph_Driver/src/stm32f10x_vector.o
                0x0000000008000000                g_pfnVectors
                0x000000000800010c                . = ALIGN (0x4)

.text           0x000000000800010c     0x17a4
                0x000000000800010c                . = ALIGN (0x4)
 *(.text)
 .text          0x000000000800010c       0x40 c:/st/stm32cubeide_1.3.0/stm32cubeide/plugins/com.st.stm32cube.ide.mcu.externaltools.gnu-tools-for-stm32.7-2018-q2-update.win32_1.0.0.201904181610/tools/bin/../lib/gcc/arm-none-eabi/7.3.1/thumb/v7-m/crtbegin.o
 *(.text*)
 .text.ADC_StartCalibration
                0x000000000800014c       0x1e Core/STM32F10x_StdPeriph_Driver/src/stm32f10x_adc.o
                0x000000000800014c                ADC_StartCalibration
 .text.ADC_GetCalibrationStatus
                0x000000000800016a       0x2e Core/STM32F10x_StdPeriph_Driver/src/stm32f10x_adc.o
                0x000000000800016a                ADC_GetCalibrationStatus
 .text.NVIC_Init
                0x0000000008000198      0x2dc Core/STM32F10x_StdPeriph_Driver/src/stm32f10x_nvic.o
                0x0000000008000198                NVIC_Init
 .text.RCC_PLLCmd
                0x0000000008000474       0x38 Core/STM32F10x_StdPeriph_Driver/src/stm32f10x_rcc.o
                0x0000000008000474                RCC_PLLCmd
 .text.RCC_SYSCLKConfig
                0x00000000080004ac       0x58 Core/STM32F10x_StdPeriph_Driver/src/stm32f10x_rcc.o
                0x00000000080004ac                RCC_SYSCLKConfig
 .text.RCC_GetSYSCLKSource
                0x0000000008000504       0x20 Core/STM32F10x_StdPeriph_Driver/src/stm32f10x_rcc.o
                0x0000000008000504                RCC_GetSYSCLKSource
 .text.RCC_APB2PeriphClockCmd
                0x0000000008000524       0x7c Core/STM32F10x_StdPeriph_Driver/src/stm32f10x_rcc.o
                0x0000000008000524                RCC_APB2PeriphClockCmd
 .text.RCC_GetFlagStatus
                0x00000000080005a0       0xc8 Core/STM32F10x_StdPeriph_Driver/src/stm32f10x_rcc.o
                0x00000000080005a0                RCC_GetFlagStatus
 .text.DMAChannel1_IRQHandler
                0x0000000008000668        0xc Core/STM32F10x_StdPeriph_Driver/src/stm32f10x_vector.o
                0x0000000008000668                DMAChannel1_IRQHandler
 .text.DMAChannel2_IRQHandler
                0x0000000008000674        0xc Core/STM32F10x_StdPeriph_Driver/src/stm32f10x_vector.o
                0x0000000008000674                DMAChannel2_IRQHandler
 .text.DMAChannel3_IRQHandler
                0x0000000008000680        0xc Core/STM32F10x_StdPeriph_Driver/src/stm32f10x_vector.o
                0x0000000008000680                DMAChannel3_IRQHandler
 .text.DMAChannel4_IRQHandler
                0x000000000800068c        0xc Core/STM32F10x_StdPeriph_Driver/src/stm32f10x_vector.o
                0x000000000800068c                DMAChannel4_IRQHandler
 .text.DMAChannel5_IRQHandler
                0x0000000008000698        0xc Core/STM32F10x_StdPeriph_Driver/src/stm32f10x_vector.o
                0x0000000008000698                DMAChannel5_IRQHandler
 .text.DMAChannel6_IRQHandler
                0x00000000080006a4        0xc Core/STM32F10x_StdPeriph_Driver/src/stm32f10x_vector.o
                0x00000000080006a4                DMAChannel6_IRQHandler
 .text.DMAChannel7_IRQHandler
                0x00000000080006b0        0xc Core/STM32F10x_StdPeriph_Driver/src/stm32f10x_vector.o
                0x00000000080006b0                DMAChannel7_IRQHandler
 .text.ADC_IRQHandler
                0x00000000080006bc        0xc Core/STM32F10x_StdPeriph_Driver/src/stm32f10x_vector.o
                0x00000000080006bc                ADC_IRQHandler
 .text.Reset_Handler
                0x00000000080006c8       0x70 Core/STM32F10x_StdPeriph_Driver/src/stm32f10x_vector.o
                0x00000000080006c8                Reset_Handler
 .text.main     0x0000000008000738      0x774 Core/Src/main.o
                0x0000000008000738                main
 .text.adcread  0x0000000008000eac       0xdc Core/Src/main.o
                0x0000000008000eac                adcread
 .text.PWMISR   0x0000000008000f88      0x55c Core/Src/main.o
                0x0000000008000f88                PWMISR
 .text.motorstartinit
                0x00000000080014e4      0x198 Core/Src/main.o
                0x00000000080014e4                motorstartinit
 .text.assert_failed
                0x000000000800167c        0xc Core/Src/main.o
                0x000000000800167c                assert_failed
 .text.NMIException
                0x0000000008001688        0xc Core/Src/stm32f10x_it.o
                0x0000000008001688                NMIException
 .text.HardFaultException
                0x0000000008001694        0x6 Core/Src/stm32f10x_it.o
                0x0000000008001694                HardFaultException
 .text.MemManageException
                0x000000000800169a        0x6 Core/Src/stm32f10x_it.o
                0x000000000800169a                MemManageException
 .text.BusFaultException
                0x00000000080016a0        0x6 Core/Src/stm32f10x_it.o
                0x00000000080016a0                BusFaultException
 .text.UsageFaultException
                0x00000000080016a6        0x6 Core/Src/stm32f10x_it.o
                0x00000000080016a6                UsageFaultException
 .text.DebugMonitor
                0x00000000080016ac        0xc Core/Src/stm32f10x_it.o
                0x00000000080016ac                DebugMonitor
 .text.SVCHandler
                0x00000000080016b8        0xc Core/Src/stm32f10x_it.o
                0x00000000080016b8                SVCHandler
 .text.PendSVC  0x00000000080016c4        0xc Core/Src/stm32f10x_it.o
                0x00000000080016c4                PendSVC
 .text.SysTickHandler
                0x00000000080016d0        0xc Core/Src/stm32f10x_it.o
                0x00000000080016d0                SysTickHandler
 .text.WWDG_IRQHandler
                0x00000000080016dc        0xc Core/Src/stm32f10x_it.o
                0x00000000080016dc                WWDG_IRQHandler
 .text.PVD_IRQHandler
                0x00000000080016e8        0xc Core/Src/stm32f10x_it.o
                0x00000000080016e8                PVD_IRQHandler
 .text.TAMPER_IRQHandler
                0x00000000080016f4        0xc Core/Src/stm32f10x_it.o
                0x00000000080016f4                TAMPER_IRQHandler
 .text.RTC_IRQHandler
                0x0000000008001700        0xc Core/Src/stm32f10x_it.o
                0x0000000008001700                RTC_IRQHandler
 .text.FLASH_IRQHandler
                0x000000000800170c        0xc Core/Src/stm32f10x_it.o
                0x000000000800170c                FLASH_IRQHandler
 .text.RCC_IRQHandler
                0x0000000008001718        0xc Core/Src/stm32f10x_it.o
                0x0000000008001718                RCC_IRQHandler
 .text.EXTI0_IRQHandler
                0x0000000008001724        0xc Core/Src/stm32f10x_it.o
                0x0000000008001724                EXTI0_IRQHandler
 .text.EXTI1_IRQHandler
                0x0000000008001730        0xc Core/Src/stm32f10x_it.o
                0x0000000008001730                EXTI1_IRQHandler
 .text.EXTI2_IRQHandler
                0x000000000800173c        0xc Core/Src/stm32f10x_it.o
                0x000000000800173c                EXTI2_IRQHandler
 .text.EXTI3_IRQHandler
                0x0000000008001748        0xc Core/Src/stm32f10x_it.o
                0x0000000008001748                EXTI3_IRQHandler
 .text.EXTI4_IRQHandler
                0x0000000008001754        0xc Core/Src/stm32f10x_it.o
                0x0000000008001754                EXTI4_IRQHandler
 .text.USB_HP_CAN_TX_IRQHandler
                0x0000000008001760        0xc Core/Src/stm32f10x_it.o
                0x0000000008001760                USB_HP_CAN_TX_IRQHandler
 .text.USB_LP_CAN_RX0_IRQHandler
                0x000000000800176c        0xc Core/Src/stm32f10x_it.o
                0x000000000800176c                USB_LP_CAN_RX0_IRQHandler
 .text.CAN_RX1_IRQHandler
                0x0000000008001778        0xc Core/Src/stm32f10x_it.o
                0x0000000008001778                CAN_RX1_IRQHandler
 .text.CAN_SCE_IRQHandler
                0x0000000008001784        0xc Core/Src/stm32f10x_it.o
                0x0000000008001784                CAN_SCE_IRQHandler
 .text.EXTI9_5_IRQHandler
                0x0000000008001790        0xc Core/Src/stm32f10x_it.o
                0x0000000008001790                EXTI9_5_IRQHandler
 .text.TIM1_BRK_IRQHandler
                0x000000000800179c       0x24 Core/Src/stm32f10x_it.o
                0x000000000800179c                TIM1_BRK_IRQHandler
 .text.TIM1_UP_IRQHandler
                0x00000000080017c0        0xc Core/Src/stm32f10x_it.o
                0x00000000080017c0                TIM1_UP_IRQHandler
 .text.TIM1_TRG_COM_IRQHandler
                0x00000000080017cc        0xc Core/Src/stm32f10x_it.o
                0x00000000080017cc                TIM1_TRG_COM_IRQHandler
 .text.TIM1_CC_IRQHandler
                0x00000000080017d8        0xc Core/Src/stm32f10x_it.o
                0x00000000080017d8                TIM1_CC_IRQHandler
 .text.TIM2_IRQHandler
                0x00000000080017e4        0xc Core/Src/stm32f10x_it.o
                0x00000000080017e4                TIM2_IRQHandler
 .text.TIM3_IRQHandler
                0x00000000080017f0        0xc Core/Src/stm32f10x_it.o
                0x00000000080017f0                TIM3_IRQHandler
 .text.TIM4_IRQHandler
                0x00000000080017fc        0xc Core/Src/stm32f10x_it.o
                0x00000000080017fc                TIM4_IRQHandler
 .text.I2C1_EV_IRQHandler
                0x0000000008001808        0xc Core/Src/stm32f10x_it.o
                0x0000000008001808                I2C1_EV_IRQHandler
 .text.I2C1_ER_IRQHandler
                0x0000000008001814        0xc Core/Src/stm32f10x_it.o
                0x0000000008001814                I2C1_ER_IRQHandler
 .text.I2C2_EV_IRQHandler
                0x0000000008001820        0xc Core/Src/stm32f10x_it.o
                0x0000000008001820                I2C2_EV_IRQHandler
 .text.I2C2_ER_IRQHandler
                0x000000000800182c        0xc Core/Src/stm32f10x_it.o
                0x000000000800182c                I2C2_ER_IRQHandler
 .text.SPI1_IRQHandler
                0x0000000008001838        0xc Core/Src/stm32f10x_it.o
                0x0000000008001838                SPI1_IRQHandler
 .text.SPI2_IRQHandler
                0x0000000008001844        0xc Core/Src/stm32f10x_it.o
                0x0000000008001844                SPI2_IRQHandler
 .text.USART1_IRQHandler
                0x0000000008001850        0xc Core/Src/stm32f10x_it.o
                0x0000000008001850                USART1_IRQHandler
 .text.USART2_IRQHandler
                0x000000000800185c        0xc Core/Src/stm32f10x_it.o
                0x000000000800185c                USART2_IRQHandler
 .text.USART3_IRQHandler
                0x0000000008001868        0xc Core/Src/stm32f10x_it.o
                0x0000000008001868                USART3_IRQHandler
 .text.EXTI15_10_IRQHandler
                0x0000000008001874        0xc Core/Src/stm32f10x_it.o
                0x0000000008001874                EXTI15_10_IRQHandler
 .text.RTCAlarm_IRQHandler
                0x0000000008001880        0xc Core/Src/stm32f10x_it.o
                0x0000000008001880                RTCAlarm_IRQHandler
 .text.USBWakeUp_IRQHandler
                0x000000000800188c        0xc Core/Src/stm32f10x_it.o
                0x000000000800188c                USBWakeUp_IRQHandler
 *(.glue_7)
 .glue_7        0x0000000008001898        0x0 linker stubs
 *(.glue_7t)
 .glue_7t       0x0000000008001898        0x0 linker stubs
 *(.eh_frame)
 .eh_frame      0x0000000008001898        0x0 c:/st/stm32cubeide_1.3.0/stm32cubeide/plugins/com.st.stm32cube.ide.mcu.externaltools.gnu-tools-for-stm32.7-2018-q2-update.win32_1.0.0.201904181610/tools/bin/../lib/gcc/arm-none-eabi/7.3.1/thumb/v7-m/crtbegin.o
 *(.init)
 .init          0x0000000008001898        0x4 c:/st/stm32cubeide_1.3.0/stm32cubeide/plugins/com.st.stm32cube.ide.mcu.externaltools.gnu-tools-for-stm32.7-2018-q2-update.win32_1.0.0.201904181610/tools/bin/../lib/gcc/arm-none-eabi/7.3.1/thumb/v7-m/crti.o
                0x0000000008001898                _init
 .init          0x000000000800189c        0x8 c:/st/stm32cubeide_1.3.0/stm32cubeide/plugins/com.st.stm32cube.ide.mcu.externaltools.gnu-tools-for-stm32.7-2018-q2-update.win32_1.0.0.201904181610/tools/bin/../lib/gcc/arm-none-eabi/7.3.1/thumb/v7-m/crtn.o
 *(.fini)
 .fini          0x00000000080018a4        0x4 c:/st/stm32cubeide_1.3.0/stm32cubeide/plugins/com.st.stm32cube.ide.mcu.externaltools.gnu-tools-for-stm32.7-2018-q2-update.win32_1.0.0.201904181610/tools/bin/../lib/gcc/arm-none-eabi/7.3.1/thumb/v7-m/crti.o
                0x00000000080018a4                _fini
 .fini          0x00000000080018a8        0x8 c:/st/stm32cubeide_1.3.0/stm32cubeide/plugins/com.st.stm32cube.ide.mcu.externaltools.gnu-tools-for-stm32.7-2018-q2-update.win32_1.0.0.201904181610/tools/bin/../lib/gcc/arm-none-eabi/7.3.1/thumb/v7-m/crtn.o
                0x00000000080018b0                . = ALIGN (0x4)
                0x00000000080018b0                _etext = .

.vfp11_veneer   0x00000000080018b0        0x0
 .vfp11_veneer  0x00000000080018b0        0x0 linker stubs

.v4_bx          0x00000000080018b0        0x0
 .v4_bx         0x00000000080018b0        0x0 linker stubs

.iplt           0x00000000080018b0        0x0
 .iplt          0x00000000080018b0        0x0 c:/st/stm32cubeide_1.3.0/stm32cubeide/plugins/com.st.stm32cube.ide.mcu.externaltools.gnu-tools-for-stm32.7-2018-q2-update.win32_1.0.0.201904181610/tools/bin/../lib/gcc/arm-none-eabi/7.3.1/thumb/v7-m/crtbegin.o

.rodata         0x00000000080018b0       0x7c
                0x00000000080018b0                . = ALIGN (0x4)
 *(.rodata)
 .rodata        0x00000000080018b0       0x38 Core/STM32F10x_StdPeriph_Driver/src/stm32f10x_nvic.o
 .rodata        0x00000000080018e8       0x37 Core/STM32F10x_StdPeriph_Driver/src/stm32f10x_rcc.o
 *(.rodata*)
 *fill*         0x000000000800191f        0x1 
 .rodata.ccermask
                0x0000000008001920        0xc Core/Src/main.o
                0x0000000008001920                ccermask
                0x000000000800192c                . = ALIGN (0x4)

.rel.dyn        0x000000000800192c        0x0
 .rel.iplt      0x000000000800192c        0x0 c:/st/stm32cubeide_1.3.0/stm32cubeide/plugins/com.st.stm32cube.ide.mcu.externaltools.gnu-tools-for-stm32.7-2018-q2-update.win32_1.0.0.201904181610/tools/bin/../lib/gcc/arm-none-eabi/7.3.1/thumb/v7-m/crtbegin.o

.ARM.extab      0x000000000800192c        0x0
                0x000000000800192c                . = ALIGN (0x4)
 *(.ARM.extab* .gnu.linkonce.armextab.*)
                0x000000000800192c                . = ALIGN (0x4)

.ARM            0x000000000800192c        0x0
                0x000000000800192c                . = ALIGN (0x4)
                0x000000000800192c                __exidx_start = .
 *(.ARM.exidx*)
                0x000000000800192c                __exidx_end = .
                0x000000000800192c                . = ALIGN (0x4)

.preinit_array  0x000000000800192c        0x0
                0x000000000800192c                . = ALIGN (0x4)
                0x000000000800192c                PROVIDE (__preinit_array_start = .)
 *(.preinit_array*)
                0x000000000800192c                PROVIDE (__preinit_array_end = .)
                0x000000000800192c                . = ALIGN (0x4)

.init_array     0x000000000800192c        0x4
                0x000000000800192c                . = ALIGN (0x4)
                0x000000000800192c                PROVIDE (__init_array_start = .)
 *(SORT_BY_NAME(.init_array.*))
 *(.init_array*)
 .init_array    0x000000000800192c        0x4 c:/st/stm32cubeide_1.3.0/stm32cubeide/plugins/com.st.stm32cube.ide.mcu.externaltools.gnu-tools-for-stm32.7-2018-q2-update.win32_1.0.0.201904181610/tools/bin/../lib/gcc/arm-none-eabi/7.3.1/thumb/v7-m/crtbegin.o
                0x0000000008001930                PROVIDE (__init_array_end = .)
                0x0000000008001930                . = ALIGN (0x4)

.fini_array     0x0000000008001930        0x4
                0x0000000008001930                . = ALIGN (0x4)
                [!provide]                        PROVIDE (__fini_array_start = .)
 *(SORT_BY_NAME(.fini_array.*))
 *(.fini_array*)
 .fini_array    0x0000000008001930        0x4 c:/st/stm32cubeide_1.3.0/stm32cubeide/plugins/com.st.stm32cube.ide.mcu.externaltools.gnu-tools-for-stm32.7-2018-q2-update.win32_1.0.0.201904181610/tools/bin/../lib/gcc/arm-none-eabi/7.3.1/thumb/v7-m/crtbegin.o
                [!provide]                        PROVIDE (__fini_array_end = .)
                0x0000000008001934                . = ALIGN (0x4)
                0x0000000008001934                _sidata = LOADADDR (.data)

.data           0x0000000020000000        0x0 load address 0x0000000008001934
                0x0000000020000000                . = ALIGN (0x4)
                0x0000000020000000                _sdata = .
 *(.data)
 *(.data*)
                0x0000000020000000                . = ALIGN (0x4)
                0x0000000020000000                _edata = .

.igot.plt       0x0000000020000000        0x0 load address 0x0000000008001934
 .igot.plt      0x0000000020000000        0x0 c:/st/stm32cubeide_1.3.0/stm32cubeide/plugins/com.st.stm32cube.ide.mcu.externaltools.gnu-tools-for-stm32.7-2018-q2-update.win32_1.0.0.201904181610/tools/bin/../lib/gcc/arm-none-eabi/7.3.1/thumb/v7-m/crtbegin.o
                0x0000000020000000                . = ALIGN (0x4)

.bss            0x0000000020000000      0x128 load address 0x0000000008001934
                0x0000000020000000                _sbss = .
                0x0000000020000000                __bss_start__ = _sbss
 *(.bss)
 .bss           0x0000000020000000       0x1c c:/st/stm32cubeide_1.3.0/stm32cubeide/plugins/com.st.stm32cube.ide.mcu.externaltools.gnu-tools-for-stm32.7-2018-q2-update.win32_1.0.0.201904181610/tools/bin/../lib/gcc/arm-none-eabi/7.3.1/thumb/v7-m/crtbegin.o
 *(.bss*)
 *(COMMON)
 COMMON         0x000000002000001c       0x84 Core/STM32F10x_StdPeriph_Driver/src/stm32f10x_lib.o
                0x000000002000001c                GPIOC
                0x0000000020000020                FLASH
                0x0000000020000024                SCB
                0x0000000020000028                USART2
                0x000000002000002c                I2C1
                0x0000000020000030                WWDG
                0x0000000020000034                TIM3
                0x0000000020000038                SPI1
                0x000000002000003c                NVIC
                0x0000000020000040                GPIOE
                0x0000000020000044                EXTI
                0x0000000020000048                TIM4
                0x000000002000004c                USART3
                0x0000000020000050                I2C2
                0x0000000020000054                TIM1
                0x0000000020000058                RCC
                0x000000002000005c                DMA
                0x0000000020000060                AFIO
                0x0000000020000064                SPI2
                0x0000000020000068                CAN
                0x000000002000006c                ADC2
                0x0000000020000070                GPIOA
                0x0000000020000074                IWDG
                0x0000000020000078                RTC
                0x000000002000007c                OB
                0x0000000020000080                TIM2
                0x0000000020000084                USART1
                0x0000000020000088                GPIOD
                0x000000002000008c                PWR
                0x0000000020000090                SysTick
                0x0000000020000094                BKP
                0x0000000020000098                GPIOB
                0x000000002000009c                ADC1
 COMMON         0x00000000200000a0       0x88 Core/Src/main.o
                0x00000000200000a0                ifbsum
                0x00000000200000a4                zccounter
                0x00000000200000a6                commcounter
                0x00000000200000a8                ledstate
                0x00000000200000a9                autostep
                0x00000000200000ac                heartbeat2time
                0x00000000200000b0                position
                0x00000000200000b4                risingdelay
                0x00000000200000b6                ifbcount
                0x00000000200000b8                startstate
                0x00000000200000ba                rpmref
                0x00000000200000bc                bemfsample
                0x00000000200000c0                ledtime
                0x00000000200000c4                potvalue
                0x00000000200000c8                holdcounter
                0x00000000200000cc                rpmcmd
                0x00000000200000ce                risingedge
                0x00000000200000cf                zcfound
                0x00000000200000d0                ifboffset
                0x00000000200000d2                phase
                0x00000000200000d4                demagcounter
                0x00000000200000d6                overloaddclimit
                0x00000000200000d8                ifbave
                0x00000000200000da                runningdc
                0x00000000200000dc                errorint
                0x00000000200000e0                transitioncounter
                0x00000000200000e4                rpm
                0x00000000200000e8                heartbeat1time
                0x00000000200000ec                demagthreshold
                0x00000000200000ee                ifb
                0x00000000200000f0                maxdc
                0x00000000200000f2                commthreshold
                0x00000000200000f4                activedclimit
                0x00000000200000f6                fallingdelay
                0x00000000200000f8                heartbeat3time
                0x00000000200000fc                flashcount
                0x0000000020000100                overloadcounter
                0x0000000020000104                run
                0x0000000020000108                globalcounter
                0x000000002000010c                overloadflag
                0x000000002000010e                step
                0x0000000020000110                bemfchannel
                0x0000000020000114                alignmentcounter
                0x0000000020000118                overcurrent
                0x000000002000011c                rampspeed
                0x0000000020000120                positionest
                0x0000000020000124                flashcounter
                0x0000000020000126                speedest
                0x0000000020000128                . = ALIGN (0x4)
                0x0000000020000128                _ebss = .
                0x0000000020000128                __bss_end__ = _ebss

._user_heap_stack
                0x0000000020000128      0x600 load address 0x0000000008001934
                0x0000000020000128                . = ALIGN (0x8)
                [!provide]                        PROVIDE (end = .)
                [!provide]                        PROVIDE (_end = .)
                0x0000000020000328                . = (. + _Min_Heap_Size)
 *fill*         0x0000000020000128      0x200 
                0x0000000020000728                . = (. + _Min_Stack_Size)
 *fill*         0x0000000020000328      0x400 
                0x0000000020000728                . = ALIGN (0x8)

/DISCARD/
 libc.a(*)
 libm.a(*)
 libgcc.a(*)

.ARM.attributes
                0x0000000000000000       0x29
 *(.ARM.attributes)
 .ARM.attributes
                0x0000000000000000       0x1d c:/st/stm32cubeide_1.3.0/stm32cubeide/plugins/com.st.stm32cube.ide.mcu.externaltools.gnu-tools-for-stm32.7-2018-q2-update.win32_1.0.0.201904181610/tools/bin/../lib/gcc/arm-none-eabi/7.3.1/thumb/v7-m/crti.o
 .ARM.attributes
                0x000000000000001d       0x2d c:/st/stm32cubeide_1.3.0/stm32cubeide/plugins/com.st.stm32cube.ide.mcu.externaltools.gnu-tools-for-stm32.7-2018-q2-update.win32_1.0.0.201904181610/tools/bin/../lib/gcc/arm-none-eabi/7.3.1/thumb/v7-m/crtbegin.o
 .ARM.attributes
                0x000000000000004a       0x33 Core/STM32F10x_StdPeriph_Driver/src/stm32f10x_adc.o
 .ARM.attributes
                0x000000000000007d       0x33 Core/STM32F10x_StdPeriph_Driver/src/stm32f10x_lib.o
 .ARM.attributes
                0x00000000000000b0       0x33 Core/STM32F10x_StdPeriph_Driver/src/stm32f10x_nvic.o
 .ARM.attributes
                0x00000000000000e3       0x33 Core/STM32F10x_StdPeriph_Driver/src/stm32f10x_rcc.o
 .ARM.attributes
                0x0000000000000116       0x33 Core/STM32F10x_StdPeriph_Driver/src/stm32f10x_vector.o
 .ARM.attributes
                0x0000000000000149       0x33 Core/Src/main.o
 .ARM.attributes
                0x000000000000017c       0x33 Core/Src/stm32f10x_it.o
 .ARM.attributes
                0x00000000000001af       0x1d c:/st/stm32cubeide_1.3.0/stm32cubeide/plugins/com.st.stm32cube.ide.mcu.externaltools.gnu-tools-for-stm32.7-2018-q2-update.win32_1.0.0.201904181610/tools/bin/../lib/gcc/arm-none-eabi/7.3.1/thumb/v7-m/crtn.o
OUTPUT(CubeMX.elf elf32-littlearm)

.debug_info     0x0000000000000000     0x9e7d
 .debug_info    0x0000000000000000     0x1dee Core/STM32F10x_StdPeriph_Driver/src/stm32f10x_adc.o
 .debug_info    0x0000000000001dee     0x1579 Core/STM32F10x_StdPeriph_Driver/src/stm32f10x_lib.o
 .debug_info    0x0000000000003367     0x1ac5 Core/STM32F10x_StdPeriph_Driver/src/stm32f10x_nvic.o
 .debug_info    0x0000000000004e2c     0x1bbd Core/STM32F10x_StdPeriph_Driver/src/stm32f10x_rcc.o
 .debug_info    0x00000000000069e9      0x173 Core/STM32F10x_StdPeriph_Driver/src/stm32f10x_vector.o
 .debug_info    0x0000000000006b5c     0x19a0 Core/Src/main.o
 .debug_info    0x00000000000084fc     0x1981 Core/Src/stm32f10x_it.o

.debug_abbrev   0x0000000000000000      0xd36
 .debug_abbrev  0x0000000000000000      0x264 Core/STM32F10x_StdPeriph_Driver/src/stm32f10x_adc.o
 .debug_abbrev  0x0000000000000264      0x156 Core/STM32F10x_StdPeriph_Driver/src/stm32f10x_lib.o
 .debug_abbrev  0x00000000000003ba      0x287 Core/STM32F10x_StdPeriph_Driver/src/stm32f10x_nvic.o
 .debug_abbrev  0x0000000000000641      0x26f Core/STM32F10x_StdPeriph_Driver/src/stm32f10x_rcc.o
 .debug_abbrev  0x00000000000008b0       0xbd Core/STM32F10x_StdPeriph_Driver/src/stm32f10x_vector.o
 .debug_abbrev  0x000000000000096d      0x232 Core/Src/main.o
 .debug_abbrev  0x0000000000000b9f      0x197 Core/Src/stm32f10x_it.o

.debug_aranges  0x0000000000000000      0x658
 .debug_aranges
                0x0000000000000000      0x138 Core/STM32F10x_StdPeriph_Driver/src/stm32f10x_adc.o
 .debug_aranges
                0x0000000000000138       0x20 Core/STM32F10x_StdPeriph_Driver/src/stm32f10x_lib.o
 .debug_aranges
                0x0000000000000158      0x108 Core/STM32F10x_StdPeriph_Driver/src/stm32f10x_nvic.o
 .debug_aranges
                0x0000000000000260      0x118 Core/STM32F10x_StdPeriph_Driver/src/stm32f10x_rcc.o
 .debug_aranges
                0x0000000000000378       0x60 Core/STM32F10x_StdPeriph_Driver/src/stm32f10x_vector.o
 .debug_aranges
                0x00000000000003d8       0x40 Core/Src/main.o
 .debug_aranges
                0x0000000000000418      0x240 Core/Src/stm32f10x_it.o

.debug_ranges   0x0000000000000000      0x5e8
 .debug_ranges  0x0000000000000000      0x128 Core/STM32F10x_StdPeriph_Driver/src/stm32f10x_adc.o
 .debug_ranges  0x0000000000000128       0x10 Core/STM32F10x_StdPeriph_Driver/src/stm32f10x_lib.o
 .debug_ranges  0x0000000000000138       0xf8 Core/STM32F10x_StdPeriph_Driver/src/stm32f10x_nvic.o
 .debug_ranges  0x0000000000000230      0x108 Core/STM32F10x_StdPeriph_Driver/src/stm32f10x_rcc.o
 .debug_ranges  0x0000000000000338       0x50 Core/STM32F10x_StdPeriph_Driver/src/stm32f10x_vector.o
 .debug_ranges  0x0000000000000388       0x30 Core/Src/main.o
 .debug_ranges  0x00000000000003b8      0x230 Core/Src/stm32f10x_it.o

.debug_macro    0x0000000000000000     0x3535
 .debug_macro   0x0000000000000000      0x147 Core/STM32F10x_StdPeriph_Driver/src/stm32f10x_adc.o
 .debug_macro   0x0000000000000147       0x10 Core/STM32F10x_StdPeriph_Driver/src/stm32f10x_adc.o
 .debug_macro   0x0000000000000157       0x46 Core/STM32F10x_StdPeriph_Driver/src/stm32f10x_adc.o
 .debug_macro   0x000000000000019d      0x1a5 Core/STM32F10x_StdPeriph_Driver/src/stm32f10x_adc.o
 .debug_macro   0x0000000000000342      0x154 Core/STM32F10x_StdPeriph_Driver/src/stm32f10x_adc.o
 .debug_macro   0x0000000000000496      0x255 Core/STM32F10x_StdPeriph_Driver/src/stm32f10x_adc.o
 .debug_macro   0x00000000000006eb      0x31d Core/STM32F10x_StdPeriph_Driver/src/stm32f10x_adc.o
 .debug_macro   0x0000000000000a08      0x152 Core/STM32F10x_StdPeriph_Driver/src/stm32f10x_lib.o
 .debug_macro   0x0000000000000b5a       0x1c Core/STM32F10x_StdPeriph_Driver/src/stm32f10x_lib.o
 .debug_macro   0x0000000000000b76      0x25b Core/STM32F10x_StdPeriph_Driver/src/stm32f10x_lib.o
 .debug_macro   0x0000000000000dd1       0x82 Core/STM32F10x_StdPeriph_Driver/src/stm32f10x_lib.o
 .debug_macro   0x0000000000000e53      0x273 Core/STM32F10x_StdPeriph_Driver/src/stm32f10x_lib.o
 .debug_macro   0x00000000000010c6      0x264 Core/STM32F10x_StdPeriph_Driver/src/stm32f10x_lib.o
 .debug_macro   0x000000000000132a       0x94 Core/STM32F10x_StdPeriph_Driver/src/stm32f10x_lib.o
 .debug_macro   0x00000000000013be       0x46 Core/STM32F10x_StdPeriph_Driver/src/stm32f10x_lib.o
 .debug_macro   0x0000000000001404      0x1ae Core/STM32F10x_StdPeriph_Driver/src/stm32f10x_lib.o
 .debug_macro   0x00000000000015b2      0x265 Core/STM32F10x_StdPeriph_Driver/src/stm32f10x_lib.o
 .debug_macro   0x0000000000001817       0x64 Core/STM32F10x_StdPeriph_Driver/src/stm32f10x_lib.o
 .debug_macro   0x000000000000187b      0x1fd Core/STM32F10x_StdPeriph_Driver/src/stm32f10x_lib.o
 .debug_macro   0x0000000000001a78       0x82 Core/STM32F10x_StdPeriph_Driver/src/stm32f10x_lib.o
 .debug_macro   0x0000000000001afa       0x58 Core/STM32F10x_StdPeriph_Driver/src/stm32f10x_lib.o
 .debug_macro   0x0000000000001b52      0x194 Core/STM32F10x_StdPeriph_Driver/src/stm32f10x_lib.o
 .debug_macro   0x0000000000001ce6       0x52 Core/STM32F10x_StdPeriph_Driver/src/stm32f10x_lib.o
 .debug_macro   0x0000000000001d38      0x5ff Core/STM32F10x_StdPeriph_Driver/src/stm32f10x_lib.o
 .debug_macro   0x0000000000002337      0x4b9 Core/STM32F10x_StdPeriph_Driver/src/stm32f10x_lib.o
 .debug_macro   0x00000000000027f0      0x1d6 Core/STM32F10x_StdPeriph_Driver/src/stm32f10x_lib.o
 .debug_macro   0x00000000000029c6       0x34 Core/STM32F10x_StdPeriph_Driver/src/stm32f10x_lib.o
 .debug_macro   0x00000000000029fa       0x5a Core/STM32F10x_StdPeriph_Driver/src/stm32f10x_nvic.o
 .debug_macro   0x0000000000002a54      0x1f7 Core/STM32F10x_StdPeriph_Driver/src/stm32f10x_nvic.o
 .debug_macro   0x0000000000002c4b      0x156 Core/STM32F10x_StdPeriph_Driver/src/stm32f10x_rcc.o
 .debug_macro   0x0000000000002da1      0x317 Core/STM32F10x_StdPeriph_Driver/src/stm32f10x_rcc.o
 .debug_macro   0x00000000000030b8       0x11 Core/STM32F10x_StdPeriph_Driver/src/stm32f10x_vector.o
 .debug_macro   0x00000000000030c9      0x16a Core/Src/main.o
 .debug_macro   0x0000000000003233       0x8e Core/Src/main.o
 .debug_macro   0x00000000000032c1      0x112 Core/Src/main.o
 .debug_macro   0x00000000000033d3      0x162 Core/Src/stm32f10x_it.o

.debug_line     0x0000000000000000     0x3182
 .debug_line    0x0000000000000000      0x7f7 Core/STM32F10x_StdPeriph_Driver/src/stm32f10x_adc.o
 .debug_line    0x00000000000007f7      0x5d6 Core/STM32F10x_StdPeriph_Driver/src/stm32f10x_lib.o
 .debug_line    0x0000000000000dcd      0x930 Core/STM32F10x_StdPeriph_Driver/src/stm32f10x_nvic.o
 .debug_line    0x00000000000016fd      0x674 Core/STM32F10x_StdPeriph_Driver/src/stm32f10x_rcc.o
 .debug_line    0x0000000000001d71      0x103 Core/STM32F10x_StdPeriph_Driver/src/stm32f10x_vector.o
 .debug_line    0x0000000000001e74      0x8bd Core/Src/main.o
 .debug_line    0x0000000000002731      0xa51 Core/Src/stm32f10x_it.o

.debug_str      0x0000000000000000    0x19e46
 .debug_str     0x0000000000000000     0x7742 Core/STM32F10x_StdPeriph_Driver/src/stm32f10x_adc.o
                                       0x77cc (size before relaxing)
 .debug_str     0x0000000000007742    0x108f5 Core/STM32F10x_StdPeriph_Driver/src/stm32f10x_lib.o
                                      0x17780 (size before relaxing)
 .debug_str     0x0000000000018037      0x4b4 Core/STM32F10x_StdPeriph_Driver/src/stm32f10x_nvic.o
                                       0x586a (size before relaxing)
 .debug_str     0x00000000000184eb      0xa88 Core/STM32F10x_StdPeriph_Driver/src/stm32f10x_rcc.o
                                       0x602d (size before relaxing)
 .debug_str     0x0000000000018f73      0x145 Core/STM32F10x_StdPeriph_Driver/src/stm32f10x_vector.o
                                       0x2e19 (size before relaxing)
 .debug_str     0x00000000000190b8      0x83f Core/Src/main.o
                                      0x18029 (size before relaxing)
 .debug_str     0x00000000000198f7      0x54f Core/Src/stm32f10x_it.o
                                      0x17dcb (size before relaxing)

.comment        0x0000000000000000       0x7b
 .comment       0x0000000000000000       0x7b Core/STM32F10x_StdPeriph_Driver/src/stm32f10x_adc.o
                                         0x7c (size before relaxing)
 .comment       0x000000000000007b       0x7c Core/STM32F10x_StdPeriph_Driver/src/stm32f10x_lib.o
 .comment       0x000000000000007b       0x7c Core/STM32F10x_StdPeriph_Driver/src/stm32f10x_nvic.o
 .comment       0x000000000000007b       0x7c Core/STM32F10x_StdPeriph_Driver/src/stm32f10x_rcc.o
 .comment       0x000000000000007b       0x7c Core/STM32F10x_StdPeriph_Driver/src/stm32f10x_vector.o
 .comment       0x000000000000007b       0x7c Core/Src/main.o
 .comment       0x000000000000007b       0x7c Core/Src/stm32f10x_it.o

.debug_frame    0x0000000000000000     0x1894
 .debug_frame   0x0000000000000000      0x540 Core/STM32F10x_StdPeriph_Driver/src/stm32f10x_adc.o
 .debug_frame   0x0000000000000540       0x30 Core/STM32F10x_StdPeriph_Driver/src/stm32f10x_lib.o
 .debug_frame   0x0000000000000570      0x41c Core/STM32F10x_StdPeriph_Driver/src/stm32f10x_nvic.o
 .debug_frame   0x000000000000098c      0x480 Core/STM32F10x_StdPeriph_Driver/src/stm32f10x_rcc.o
 .debug_frame   0x0000000000000e0c      0x140 Core/STM32F10x_StdPeriph_Driver/src/stm32f10x_vector.o
 .debug_frame   0x0000000000000f4c       0xbc Core/Src/main.o
 .debug_frame   0x0000000000001008      0x88c Core/Src/stm32f10x_it.o
