<html>
<body>
<pre>
<h1>µVision3 Build Log</h1>
<h2>Project:</h2>
C:\Documents and Settings\alec bath\My Documents\ST\ARM\Customers\Whirlpool\Yukon PCB\Keil_project\Yukon.uv2
Project File Date:  10/30/2008

<h2>Output:</h2>
Build target 'Target 1'
assembling cortexm3_macro.s...
assembling stm32f10x_vector.s...
compiling stm32f10x_adc.c...
compiling stm32f10x_bkp.c...
compiling stm32f10x_dbgmcu.c...
compiling stm32f10x_dma.c...
compiling stm32f10x_exti.c...
compiling stm32f10x_flash.c...
compiling stm32f10x_gpio.c...
compiling stm32f10x_lib.c...
compiling stm32f10x_nvic.c...
compiling stm32f10x_pwr.c...
compiling stm32f10x_rcc.c...
compiling stm32f10x_systick.c...
compiling stm32f10x_tim.c...
compiling main.c...
compiling stm32f10x_it.c...
compiling SystemConfig.c...
linking...
.\Obj\Yukon.axf: Error: L6218E: Undefined symbol ADC_IRQHandler (referred from stm32f10x_vector.o).
.\Obj\Yukon.axf: Error: L6218E: Undefined symbol DMAChannel1_IRQHandler (referred from stm32f10x_vector.o).
.\Obj\Yukon.axf: Error: L6218E: Undefined symbol DMAChannel2_IRQHandler (referred from stm32f10x_vector.o).
.\Obj\Yukon.axf: Error: L6218E: Undefined symbol DMAChannel3_IRQHandler (referred from stm32f10x_vector.o).
.\Obj\Yukon.axf: Error: L6218E: Undefined symbol DMAChannel4_IRQHandler (referred from stm32f10x_vector.o).
.\Obj\Yukon.axf: Error: L6218E: Undefined symbol DMAChannel5_IRQHandler (referred from stm32f10x_vector.o).
.\Obj\Yukon.axf: Error: L6218E: Undefined symbol DMAChannel6_IRQHandler (referred from stm32f10x_vector.o).
.\Obj\Yukon.axf: Error: L6218E: Undefined symbol DMAChannel7_IRQHandler (referred from stm32f10x_vector.o).
Target not created
Build target 'Target 1'
assembling cortexm3_macro.s...
assembling stm32f10x_vector.s...
linking...
Program Size: Code=4878 RO-data=358 RW-data=4 ZI-data=2148  
".\Obj\Yukon.axf" - 0 Error(s), 0 Warning(s).
Build target 'Target 1'
assembling cortexm3_macro.s...
assembling stm32f10x_vector.s...
compiling stm32f10x_adc.c...
compiling stm32f10x_bkp.c...
compiling stm32f10x_dbgmcu.c...
compiling stm32f10x_dma.c...
compiling stm32f10x_exti.c...
compiling stm32f10x_flash.c...
compiling stm32f10x_gpio.c...
compiling stm32f10x_lib.c...
compiling stm32f10x_nvic.c...
compiling stm32f10x_pwr.c...
compiling stm32f10x_rcc.c...
compiling stm32f10x_systick.c...
compiling stm32f10x_tim.c...
compiling main.c...
compiling stm32f10x_it.c...
compiling SystemConfig.c...
linking...
Program Size: Code=4878 RO-data=358 RW-data=4 ZI-data=2148  
".\Obj\Yukon.axf" - 0 Error(s), 0 Warning(s).
Build target 'Target 1'
compiling main.c...
linking...
Program Size: Code=4882 RO-data=358 RW-data=4 ZI-data=2148  
".\Obj\Yukon.axf" - 0 Error(s), 0 Warning(s).
Load "C:\\Documents and Settings\\alec bath\\My Documents\\ST\\ARM\\Customers\\Whirlpool\\Yukon PCB\\Keil_project\\Obj\\Yukon.AXF" 
Erase Done.
Programming Done.
Verify OK.
Clean started: Project: 'Yukon'
   deleting intermediate output files for target 'Target 1'
