ARM Linker, RVCT3.1 [Build 939] for uVision [Standard]

================================================================================

Section Cross References

    stm32f10x_vector.o(STACK) refers (Special) to stkheap2.o(.text) for __use_two_region_memory
    stm32f10x_vector.o(HEAP) refers (Special) to stkheap2.o(.text) for __use_two_region_memory
    stm32f10x_vector.o(RESET) refers to stm32f10x_vector.o(STACK) for __initial_sp
    stm32f10x_vector.o(RESET) refers to stm32f10x_vector.o(.text) for Reset_Handler
    stm32f10x_vector.o(RESET) refers to stm32f10x_it.o(.text) for NMIException
    stm32f10x_vector.o(RESET) refers (Special) to stkheap2.o(.text) for __use_two_region_memory
    stm32f10x_vector.o(.text) refers to __main.o(!!!main) for __main
    stm32f10x_vector.o(.text) refers to stm32f10x_vector.o(HEAP) for Heap_Mem
    stm32f10x_vector.o(.text) refers to stm32f10x_vector.o(STACK) for Stack_Mem
    stm32f10x_vector.o(.text) refers (Special) to stkheap2.o(.text) for __use_two_region_memory
    stm32f10x_tim.o(.text) refers to stm32f10x_rcc.o(.text) for RCC_APB2PeriphResetCmd
    stm32f10x_adc.o(.text) refers to stm32f10x_rcc.o(.text) for RCC_APB2PeriphResetCmd
    stm32f10x_bkp.o(.text) refers to stm32f10x_rcc.o(.text) for RCC_BackupResetCmd
    stm32f10x_gpio.o(.text) refers to stm32f10x_rcc.o(.text) for RCC_APB2PeriphResetCmd
    stm32f10x_nvic.o(.text) refers to cortexm3_macro.o(.text) for __SETPRIMASK
    stm32f10x_pwr.o(.text) refers to stm32f10x_rcc.o(.text) for RCC_APB1PeriphResetCmd
    stm32f10x_pwr.o(.text) refers to cortexm3_macro.o(.text) for __WFI
    stm32f10x_rcc.o(.text) refers to stm32f10x_rcc.o(.constdata) for .constdata
    main.o(.text) refers to systemconfig.o(.text) for SystemConfig_Startup
    main.o(.text) refers to stm32f10x_gpio.o(.text) for GPIO_WriteBit
    stm32f10x_it.o(.text) refers to systemconfig.o(.data) for TimingDelay
    systemconfig.o(.text) refers to stm32f10x_systick.o(.text) for SysTick_CounterCmd
    systemconfig.o(.text) refers to stm32f10x_gpio.o(.text) for GPIO_DeInit
    systemconfig.o(.text) refers to stm32f10x_nvic.o(.text) for NVIC_SetVectorTable
    systemconfig.o(.text) refers to stm32f10x_rcc.o(.text) for RCC_DeInit
    systemconfig.o(.text) refers to stm32f10x_flash.o(.text) for FLASH_SetLatency
    systemconfig.o(.text) refers to systemconfig.o(.data) for TimingDelay
    stkheap2.o(.text) refers to sys_stackheap_outer.o(.text) for __user_setup_stackheap
    stkheap2.o(.text) refers to rt_stackheap_storage_intlibspace.o(.text) for __rt_stackheap_storage
    __main.o(!!!main) refers to kernel.o(.text) for __rt_entry
    kernel.o(.text) refers to stkheap2.o(.text) for __rt_stackheap_init
    kernel.o(.text) refers to boardinit2.o(.text) for _platform_post_stackheap_init
    kernel.o(.text) refers to lib_init.o(.text) for __rt_lib_init
    kernel.o(.text) refers to boardinit3.o(.text) for _platform_post_lib_init
    kernel.o(.text) refers to main.o(.text) for main
    kernel.o(.text) refers to exit.o(.text) for exit
    kernel.o(.text) refers to sys_exit.o(.text) for _sys_exit
    kernel.o(.ARM.exidx) refers to kernel.o(.text) for __rt_entry
    sys_stackheap_outer.o(.text) refers to libspace.o(.text) for __user_perproc_libspace
    sys_stackheap_outer.o(.text) refers to stm32f10x_vector.o(.text) for __user_initial_stackheap
    rt_stackheap_storage.o(.text) refers to rt_stackheap_storage.o(.bss) for __rt_stackheap_storage_data
    rt_stackheap_storage_intlibspace.o(.text) refers to libspace.o(.bss) for __libspace_start
    sys_exit.o(.text) refers to use_no_semi.o(.text) for __I_use_semihosting
    libspace.o(.text) refers to libspace.o(.bss) for __libspace_start
    exit.o(.text) refers to kernel.o(.text) for __rt_exit
    stkheap1.o(.text) refers to sys_stackheap_outer.o(.text) for __user_setup_stackheap
    stkheap1.o(.text) refers to rt_stackheap_storage_intlibspace.o(.text) for __rt_stackheap_storage
    lib_init.o(.emb_text) refers to no_argv.o(.text) for __ARM_get_argv
    lib_init.o(.text) refers to fpinit.o(x$fpl$fpinit) for _fp_init
    lib_init.o(.text) refers to lib_init.o(.emb_text) for __ARM_argv_veneer
    lib_init.o(.text) refers to rt_locale_intlibspace.o(.text) for __rt_locale
    rt_locale.o(.text) refers to rt_locale.o(.bss) for __rt_locale_data
    rt_locale_intlibspace.o(.text) refers to libspace.o(.bss) for __libspace_start
    _get_argv.o(.text) refers to heapext.o(.text) for __heap_extend
    _get_argv.o(.text) refers to defsig_rtmem_outer.o(.text) for __rt_SIGRTMEM
    _get_argv.o(.text) refers to sys_command.o(.text) for _sys_command_string
    _get_argv.o(.text) refers (Special) to hrguard.o(.text) for __heap_region_guard
    fpinit.o(x$fpl$fpinit) refers to rt_fp_status_addr_intlibspace.o(.text) for __rt_fp_status_addr
    sys_command.o(.text) refers (Special) to use_no_semi.o(.text) for __I_use_semihosting
    rt_fp_status_addr.o(.text) refers to rt_fp_status_addr.o(.bss) for __rt_fp_status_addr_data
    rt_fp_status_addr_intlibspace.o(.text) refers to libspace.o(.bss) for __libspace_start
    defsig_rtmem_outer.o(.text) refers to defsig_rtmem_inner.o(.text) for __rt_SIGRTMEM_inner
    defsig_rtmem_outer.o(.text) refers to defsig_exit.o(.text) for __sig_exit
    defsig_rtmem_formal.o(.text) refers to rt_raise.o(.text) for __rt_raise
    heapext.o(.text) refers to stkheap2.o(.text) for __rt_heap_extend
    rt_raise.o(.text) refers to __raise.o(.text) for __raise
    rt_raise.o(.text) refers to sys_exit.o(.text) for _sys_exit
    defsig.o(CL$$defsig) refers to defsig_rtmem_inner.o(.text) for __rt_SIGRTMEM_inner
    defsig_exit.o(.text) refers to sys_exit.o(.text) for _sys_exit
    defsig_rtmem_inner.o(.text) refers to defsig_general.o(.text) for __default_signal_display
    __raise.o(.text) refers to defsig.o(CL$$defsig) for __default_signal_handler
    defsig_general.o(.text) refers to sys_wrch.o(.text) for _ttywrch
    defsig_abrt_inner.o(.text) refers to defsig_general.o(.text) for __default_signal_display
    defsig_fpe_inner.o(.text) refers to defsig_general.o(.text) for __default_signal_display
    defsig_rtred_inner.o(.text) refers to defsig_general.o(.text) for __default_signal_display
    defsig_stak_inner.o(.text) refers to defsig_general.o(.text) for __default_signal_display
    defsig_pvfn_inner.o(.text) refers to defsig_general.o(.text) for __default_signal_display
    defsig_cppl_inner.o(.text) refers to defsig_general.o(.text) for __default_signal_display
    defsig_segv_inner.o(.text) refers to defsig_general.o(.text) for __default_signal_display
    defsig_other.o(.text) refers to defsig_general.o(.text) for __default_signal_display
    sys_wrch.o(.text) refers (Special) to use_no_semi.o(.text) for __I_use_semihosting


================================================================================

Removing Unused input sections from the image.

    Removing stm32f10x_tim.o(.text), (2834 bytes).
    Removing stm32f10x_adc.o(.text), (1058 bytes).
    Removing stm32f10x_bkp.o(.text), (172 bytes).
    Removing stm32f10x_dbgmcu.o(.text), (48 bytes).
    Removing stm32f10x_dma.o(.text), (592 bytes).
    Removing stm32f10x_exti.o(.text), (336 bytes).
    Removing stm32f10x_pwr.o(.text), (204 bytes).

7 unused section(s) (total 5244 bytes) removed from the image.

================================================================================

Image Symbol Table

    Local Symbols

    Symbol Name                              Value     Ov Type        Size  Object(Section)

    ../../angel/boardlib.s                   0x00000000   Number         0  cpuinit.o ABSOLUTE
    ../../angel/boardlib.s                   0x00000000   Number         0  boardinit1.o ABSOLUTE
    ../../angel/boardlib.s                   0x00000000   Number         0  boardinit2.o ABSOLUTE
    ../../angel/boardlib.s                   0x00000000   Number         0  boardinit3.o ABSOLUTE
    ../../angel/boardlib.s                   0x00000000   Number         0  boardshut.o ABSOLUTE
    ../../angel/handlers.s                   0x00000000   Number         0  __scatter_zi.o ABSOLUTE
    ../../angel/handlers.s                   0x00000000   Number         0  __scatter_copy.o ABSOLUTE
    ../../angel/kernel.s                     0x00000000   Number         0  kernel.o ABSOLUTE
    ../../angel/rt.s                         0x00000000   Number         0  rt_locale_intlibspace.o ABSOLUTE
    ../../angel/rt.s                         0x00000000   Number         0  rt_fp_status_addr_intlibspace.o ABSOLUTE
    ../../angel/rt.s                         0x00000000   Number         0  rt_fp_status_addr.o ABSOLUTE
    ../../angel/rt.s                         0x00000000   Number         0  rt_stackheap_storage.o ABSOLUTE
    ../../angel/rt.s                         0x00000000   Number         0  rt_stackheap_storage_intlibspace.o ABSOLUTE
    ../../angel/rt.s                         0x00000000   Number         0  rt_raise.o ABSOLUTE
    ../../angel/rt.s                         0x00000000   Number         0  rt_locale.o ABSOLUTE
    ../../angel/scatter.s                    0x00000000   Number         0  __scatter.o ABSOLUTE
    ../../angel/startup.s                    0x00000000   Number         0  __main.o ABSOLUTE
    ../../angel/sys.s                        0x00000000   Number         0  libspace.o ABSOLUTE
    ../../angel/sys.s                        0x00000000   Number         0  sys_exit.o ABSOLUTE
    ../../angel/sys.s                        0x00000000   Number         0  sys_stackheap_outer.o ABSOLUTE
    ../../angel/sys.s                        0x00000000   Number         0  use_no_semi.o ABSOLUTE
    ../../angel/sysapp.c                     0x00000000   Number         0  sys_wrch.o ABSOLUTE
    ../../angel/sysapp.c                     0x00000000   Number         0  sys_command.o ABSOLUTE
    ../../armsys.c                           0x00000000   Number         0  lib_init.o ABSOLUTE
    ../../armsys.c                           0x00000000   Number         0  no_argv.o ABSOLUTE
    ../../armsys.c                           0x00000000   Number         0  _get_argv.o ABSOLUTE
    ../../armsys.c                           0x00000000   Number         0  lib_init.o ABSOLUTE
    ../../fpinit.s                           0x00000000   Number         0  fpinit.o ABSOLUTE
    ../../heapalloc.c                        0x00000000   Number         0  hrguard.o ABSOLUTE
    ../../signal.c                           0x00000000   Number         0  defsig_pvfn_inner.o ABSOLUTE
    ../../signal.c                           0x00000000   Number         0  defsig_other.o ABSOLUTE
    ../../signal.c                           0x00000000   Number         0  defsig_segv_inner.o ABSOLUTE
    ../../signal.c                           0x00000000   Number         0  defsig_cppl_inner.o ABSOLUTE
    ../../signal.c                           0x00000000   Number         0  defsig_rtmem_outer.o ABSOLUTE
    ../../signal.c                           0x00000000   Number         0  defsig_rtmem_formal.o ABSOLUTE
    ../../signal.c                           0x00000000   Number         0  defsig_exit.o ABSOLUTE
    ../../signal.c                           0x00000000   Number         0  defsig_rtmem_inner.o ABSOLUTE
    ../../signal.c                           0x00000000   Number         0  __raise.o ABSOLUTE
    ../../signal.c                           0x00000000   Number         0  defsig_fpe_inner.o ABSOLUTE
    ../../signal.c                           0x00000000   Number         0  defsig_general.o ABSOLUTE
    ../../signal.c                           0x00000000   Number         0  defsig_abrt_inner.o ABSOLUTE
    ../../signal.c                           0x00000000   Number         0  defsig_rtred_inner.o ABSOLUTE
    ../../signal.c                           0x00000000   Number         0  defsig_stak_inner.o ABSOLUTE
    ../../signal.s                           0x00000000   Number         0  defsig.o ABSOLUTE
    ../../stdlib.c                           0x00000000   Number         0  exit.o ABSOLUTE
    ../../stkheap.s                          0x00000000   Number         0  heapext.o ABSOLUTE
    ../../stkheap1.s                         0x00000000   Number         0  stkheap1.o ABSOLUTE
    ../../stkheap2.s                         0x00000000   Number         0  stkheap2.o ABSOLUTE
    Source\SystemConfig.c                    0x00000000   Number         0  systemconfig.o ABSOLUTE
    Source\main.c                            0x00000000   Number         0  main.o ABSOLUTE
    Source\stm32f10x_it.c                    0x00000000   Number         0  stm32f10x_it.o ABSOLUTE
    Startup\cortexm3_macro.s                 0x00000000   Number         0  cortexm3_macro.o ABSOLUTE
    Startup\stm32f10x_vector.s               0x00000000   Number         0  stm32f10x_vector.o ABSOLUTE
    dc.s                                     0x00000000   Number         0  dc.o ABSOLUTE
    library\src\stm32f10x_adc.c              0x00000000   Number         0  stm32f10x_adc.o ABSOLUTE
    library\src\stm32f10x_bkp.c              0x00000000   Number         0  stm32f10x_bkp.o ABSOLUTE
    library\src\stm32f10x_dbgmcu.c           0x00000000   Number         0  stm32f10x_dbgmcu.o ABSOLUTE
    library\src\stm32f10x_dma.c              0x00000000   Number         0  stm32f10x_dma.o ABSOLUTE
    library\src\stm32f10x_exti.c             0x00000000   Number         0  stm32f10x_exti.o ABSOLUTE
    library\src\stm32f10x_flash.c            0x00000000   Number         0  stm32f10x_flash.o ABSOLUTE
    library\src\stm32f10x_gpio.c             0x00000000   Number         0  stm32f10x_gpio.o ABSOLUTE
    library\src\stm32f10x_lib.c              0x00000000   Number         0  stm32f10x_lib.o ABSOLUTE
    library\src\stm32f10x_nvic.c             0x00000000   Number         0  stm32f10x_nvic.o ABSOLUTE
    library\src\stm32f10x_pwr.c              0x00000000   Number         0  stm32f10x_pwr.o ABSOLUTE
    library\src\stm32f10x_rcc.c              0x00000000   Number         0  stm32f10x_rcc.o ABSOLUTE
    library\src\stm32f10x_systick.c          0x00000000   Number         0  stm32f10x_systick.o ABSOLUTE
    library\src\stm32f10x_tim.c              0x00000000   Number         0  stm32f10x_tim.o ABSOLUTE
    RESET                                    0x08000000   Section      236  stm32f10x_vector.o(RESET)
    !!!main                                  0x080000ec   Section        8  __main.o(!!!main)
    !!!scatter                               0x080000f4   Section       52  __scatter.o(!!!scatter)
    !!handler_copy                           0x08000128   Section       26  __scatter_copy.o(!!handler_copy)
    !!handler_zi                             0x08000144   Section       28  __scatter_zi.o(!!handler_zi)
    .emb_text                                0x08000160   Section        4  lib_init.o(.emb_text)
    .text                                    0x08000164   Section      110  cortexm3_macro.o(.text)
    .text                                    0x080001d4   Section       36  stm32f10x_vector.o(.text)
    .text                                    0x080001f8   Section     1324  stm32f10x_flash.o(.text)
    delay                                    0x08000287   Thumb Code    14  stm32f10x_flash.o(.text)
    .text                                    0x08000724   Section      800  stm32f10x_gpio.o(.text)
    .text                                    0x08000a44   Section     1004  stm32f10x_nvic.o(.text)
    .text                                    0x08000e30   Section      908  stm32f10x_rcc.o(.text)
    .text                                    0x080011bc   Section      194  stm32f10x_systick.o(.text)
    .text                                    0x08001280   Section      508  main.o(.text)
    .text                                    0x0800147c   Section      140  stm32f10x_it.o(.text)
    .text                                    0x08001508   Section      460  systemconfig.o(.text)
    .text                                    0x080016d4   Section       38  stkheap2.o(.text)
    .text                                    0x080016fa   Section       62  kernel.o(.text)
    .text                                    0x08001738   Section       74  sys_stackheap_outer.o(.text)
    .text                                    0x08001784   Section       12  rt_stackheap_storage_intlibspace.o(.text)
    .text                                    0x08001790   Section       20  sys_exit.o(.text)
    .text                                    0x080017a4   Section        8  libspace.o(.text)
    .text                                    0x080017ac   Section       12  exit.o(.text)
    .text                                    0x080017b8   Section      192  lib_init.o(.text)
    .text                                    0x08001878   Section       10  boardinit2.o(.text)
    .text                                    0x08001882   Section        8  boardinit3.o(.text)
    .text                                    0x0800188a   Section        2  use_no_semi.o(.text)
    .text                                    0x0800188c   Section       12  rt_locale_intlibspace.o(.text)
    .text                                    0x08001898   Section        2  no_argv.o(.text)
    .text                                    0x0800189c   Section       12  rt_fp_status_addr_intlibspace.o(.text)
    x$fpl$fpinit                             0x080018a8   Section       14  fpinit.o(x$fpl$fpinit)
    .constdata                               0x080018b6   Section       20  stm32f10x_rcc.o(.constdata)
    APBAHBPrescTable                         0x080018b6   Data          16  stm32f10x_rcc.o(.constdata)
    ADCPrescTable                            0x080018c6   Data           4  stm32f10x_rcc.o(.constdata)
    .data                                    0x20000000   Section        4  systemconfig.o(.data)
    .bss                                     0x20000004   Section       96  libspace.o(.bss)
    HEAP                                     0x20000068   Section      512  stm32f10x_vector.o(HEAP)
    Heap_Mem                                 0x20000068   Data         512  stm32f10x_vector.o(HEAP)
    STACK                                    0x20000268   Section     1024  stm32f10x_vector.o(STACK)
    Stack_Mem                                0x20000268   Data        1024  stm32f10x_vector.o(STACK)
    __initial_sp                             0x20000668   Number         0  stm32f10x_vector.o(STACK)

    Global Symbols

    Symbol Name                              Value     Ov Type        Size  Object(Section)

    BuildAttributes$$THM_ISAv4$M$P$D$K$S$PE$A:L22UL41UL21$X:L11$S22US41US21$IEEE1$IW$USESV6$~STKCKD$USESV7$~SHL$OSPACE$EBA8$STANDARDLIB$REQ8$PRES8$EABIv2 0x00000000   Number         0  anon$$obj.o ABSOLUTE
    __ARM_use_no_argv                        0x00000000   Number         0  main.o ABSOLUTE
    __ARM_exceptions_init                     - Undefined Weak Reference
    __Heap_DescSize                           - Undefined Weak Reference
    __alloca_initialize                       - Undefined Weak Reference
    __cpp_initialize__aeabi_                  - Undefined Weak Reference
    __cxa_finalize                            - Undefined Weak Reference
    __sigvec_lookup                           - Undefined Weak Reference
    __user_heap_extend                        - Undefined Weak Reference
    _atexit_init                              - Undefined Weak Reference
    _call_atexit_fns                          - Undefined Weak Reference
    _clock_init                               - Undefined Weak Reference
    _fp_trap_init                             - Undefined Weak Reference
    _get_lc_collate                           - Undefined Weak Reference
    _get_lc_ctype                             - Undefined Weak Reference
    _get_lc_monetary                          - Undefined Weak Reference
    _get_lc_numeric                           - Undefined Weak Reference
    _get_lc_time                              - Undefined Weak Reference
    _getenv_init                              - Undefined Weak Reference
    _handle_redirection                       - Undefined Weak Reference
    _init_alloc                               - Undefined Weak Reference
    _init_user_alloc                          - Undefined Weak Reference
    _initio                                   - Undefined Weak Reference
    _rand_init                                - Undefined Weak Reference
    _signal_init                              - Undefined Weak Reference
    _terminate_user_alloc                     - Undefined Weak Reference
    _terminateio                              - Undefined Weak Reference
    __Vectors                                0x08000000   Data           4  stm32f10x_vector.o(RESET)
    __main                                   0x080000ed   Thumb Code     8  __main.o(!!!main)
    __scatterload                            0x080000f5   Thumb Code     0  __scatter.o(!!!scatter)
    __scatterload_rt2                        0x080000f5   Thumb Code    44  __scatter.o(!!!scatter)
    __scatterload_rt2_thumb_only             0x080000f5   Thumb Code     0  __scatter.o(!!!scatter)
    __scatterload_null                       0x08000103   Thumb Code     0  __scatter.o(!!!scatter)
    __scatterload_copy                       0x08000129   Thumb Code    26  __scatter_copy.o(!!handler_copy)
    __scatterload_zeroinit                   0x08000145   Thumb Code    28  __scatter_zi.o(!!handler_zi)
    __ARM_argv_veneer                        0x08000161   Thumb Code     4  lib_init.o(.emb_text)
    __WFI                                    0x08000165   Thumb Code     0  cortexm3_macro.o(.text)
    __WFE                                    0x08000169   Thumb Code     0  cortexm3_macro.o(.text)
    __SEV                                    0x0800016d   Thumb Code     0  cortexm3_macro.o(.text)
    __ISB                                    0x08000171   Thumb Code     0  cortexm3_macro.o(.text)
    __DSB                                    0x08000177   Thumb Code     0  cortexm3_macro.o(.text)
    __DMB                                    0x0800017d   Thumb Code     0  cortexm3_macro.o(.text)
    __SVC                                    0x08000183   Thumb Code     0  cortexm3_macro.o(.text)
    __MRS_CONTROL                            0x08000187   Thumb Code     0  cortexm3_macro.o(.text)
    __MSR_CONTROL                            0x0800018d   Thumb Code     0  cortexm3_macro.o(.text)
    __MRS_PSP                                0x08000197   Thumb Code     0  cortexm3_macro.o(.text)
    __MSR_PSP                                0x0800019d   Thumb Code     0  cortexm3_macro.o(.text)
    __MRS_MSP                                0x080001a3   Thumb Code     0  cortexm3_macro.o(.text)
    __MSR_MSP                                0x080001a9   Thumb Code     0  cortexm3_macro.o(.text)
    __SETPRIMASK                             0x080001af   Thumb Code     0  cortexm3_macro.o(.text)
    __RESETPRIMASK                           0x080001b3   Thumb Code     0  cortexm3_macro.o(.text)
    __SETFAULTMASK                           0x080001b7   Thumb Code     0  cortexm3_macro.o(.text)
    __RESETFAULTMASK                         0x080001bb   Thumb Code     0  cortexm3_macro.o(.text)
    __BASEPRICONFIG                          0x080001bf   Thumb Code     0  cortexm3_macro.o(.text)
    __GetBASEPRI                             0x080001c5   Thumb Code     0  cortexm3_macro.o(.text)
    __REV_HalfWord                           0x080001cb   Thumb Code     0  cortexm3_macro.o(.text)
    __REV_Word                               0x080001cf   Thumb Code     0  cortexm3_macro.o(.text)
    Reset_Handler                            0x080001d5   Thumb Code     4  stm32f10x_vector.o(.text)
    __user_initial_stackheap                 0x080001d9   Thumb Code     0  stm32f10x_vector.o(.text)
    FLASH_SetLatency                         0x080001f9   Thumb Code    22  stm32f10x_flash.o(.text)
    FLASH_HalfCycleAccessCmd                 0x0800020f   Thumb Code    22  stm32f10x_flash.o(.text)
    FLASH_PrefetchBufferCmd                  0x08000225   Thumb Code    22  stm32f10x_flash.o(.text)
    FLASH_Unlock                             0x0800023b   Thumb Code    12  stm32f10x_flash.o(.text)
    FLASH_Lock                               0x08000247   Thumb Code    14  stm32f10x_flash.o(.text)
    FLASH_GetStatus                          0x08000255   Thumb Code    50  stm32f10x_flash.o(.text)
    FLASH_WaitForLastOperation               0x08000295   Thumb Code    42  stm32f10x_flash.o(.text)
    FLASH_ErasePage                          0x080002bf   Thumb Code    76  stm32f10x_flash.o(.text)
    FLASH_EraseAllPages                      0x0800030b   Thumb Code    72  stm32f10x_flash.o(.text)
    FLASH_EraseOptionBytes                   0x08000353   Thumb Code   142  stm32f10x_flash.o(.text)
    FLASH_ProgramWord                        0x080003e1   Thumb Code   100  stm32f10x_flash.o(.text)
    FLASH_ProgramHalfWord                    0x08000445   Thumb Code    64  stm32f10x_flash.o(.text)
    FLASH_ProgramOptionByteData              0x08000485   Thumb Code    72  stm32f10x_flash.o(.text)
    FLASH_EnableWriteProtection              0x080004cd   Thumb Code   188  stm32f10x_flash.o(.text)
    FLASH_ReadOutProtection                  0x08000589   Thumb Code   178  stm32f10x_flash.o(.text)
    FLASH_UserOptionByteConfig               0x0800063b   Thumb Code    90  stm32f10x_flash.o(.text)
    FLASH_GetUserOptionByte                  0x08000695   Thumb Code     8  stm32f10x_flash.o(.text)
    FLASH_GetWriteProtectionOptionByte       0x0800069d   Thumb Code     6  stm32f10x_flash.o(.text)
    FLASH_GetReadOutProtectionStatus         0x080006a3   Thumb Code    20  stm32f10x_flash.o(.text)
    FLASH_GetPrefetchBufferStatus            0x080006b7   Thumb Code    20  stm32f10x_flash.o(.text)
    FLASH_ITConfig                           0x080006cb   Thumb Code    26  stm32f10x_flash.o(.text)
    FLASH_GetFlagStatus                      0x080006e5   Thumb Code    42  stm32f10x_flash.o(.text)
    FLASH_ClearFlag                          0x0800070f   Thumb Code     6  stm32f10x_flash.o(.text)
    GPIO_DeInit                              0x08000725   Thumb Code   188  stm32f10x_gpio.o(.text)
    GPIO_AFIODeInit                          0x080007e1   Thumb Code    20  stm32f10x_gpio.o(.text)
    GPIO_Init                                0x080007f5   Thumb Code   272  stm32f10x_gpio.o(.text)
    GPIO_StructInit                          0x08000905   Thumb Code    16  stm32f10x_gpio.o(.text)
    GPIO_ReadInputDataBit                    0x08000915   Thumb Code    18  stm32f10x_gpio.o(.text)
    GPIO_ReadInputData                       0x08000927   Thumb Code     8  stm32f10x_gpio.o(.text)
    GPIO_ReadOutputDataBit                   0x0800092f   Thumb Code    18  stm32f10x_gpio.o(.text)
    GPIO_ReadOutputData                      0x08000941   Thumb Code     8  stm32f10x_gpio.o(.text)
    GPIO_SetBits                             0x08000949   Thumb Code     4  stm32f10x_gpio.o(.text)
    GPIO_ResetBits                           0x0800094d   Thumb Code     4  stm32f10x_gpio.o(.text)
    GPIO_WriteBit                            0x08000951   Thumb Code    10  stm32f10x_gpio.o(.text)
    GPIO_Write                               0x0800095b   Thumb Code     4  stm32f10x_gpio.o(.text)
    GPIO_PinLockConfig                       0x0800095f   Thumb Code    18  stm32f10x_gpio.o(.text)
    GPIO_EventOutputConfig                   0x08000971   Thumb Code    24  stm32f10x_gpio.o(.text)
    GPIO_EventOutputCmd                      0x08000989   Thumb Code     6  stm32f10x_gpio.o(.text)
    GPIO_PinRemapConfig                      0x0800098f   Thumb Code   104  stm32f10x_gpio.o(.text)
    GPIO_EXTILineConfig                      0x080009f7   Thumb Code    60  stm32f10x_gpio.o(.text)
    NVIC_DeInit                              0x08000a45   Thumb Code    54  stm32f10x_nvic.o(.text)
    NVIC_SCBDeInit                           0x08000a7b   Thumb Code    92  stm32f10x_nvic.o(.text)
    NVIC_PriorityGroupConfig                 0x08000ad7   Thumb Code    12  stm32f10x_nvic.o(.text)
    NVIC_Init                                0x08000ae3   Thumb Code   154  stm32f10x_nvic.o(.text)
    NVIC_StructInit                          0x08000b7d   Thumb Code    12  stm32f10x_nvic.o(.text)
    NVIC_SETPRIMASK                          0x08000b89   Thumb Code     8  stm32f10x_nvic.o(.text)
    NVIC_RESETPRIMASK                        0x08000b91   Thumb Code     8  stm32f10x_nvic.o(.text)
    NVIC_SETFAULTMASK                        0x08000b99   Thumb Code     8  stm32f10x_nvic.o(.text)
    NVIC_RESETFAULTMASK                      0x08000ba1   Thumb Code     8  stm32f10x_nvic.o(.text)
    NVIC_BASEPRICONFIG                       0x08000ba9   Thumb Code    12  stm32f10x_nvic.o(.text)
    NVIC_GetBASEPRI                          0x08000bb5   Thumb Code     8  stm32f10x_nvic.o(.text)
    NVIC_GetCurrentPendingIRQChannel         0x08000bbd   Thumb Code    10  stm32f10x_nvic.o(.text)
    NVIC_GetIRQChannelPendingBitStatus       0x08000bc7   Thumb Code    42  stm32f10x_nvic.o(.text)
    NVIC_SetIRQChannelPendingBit             0x08000bf1   Thumb Code     6  stm32f10x_nvic.o(.text)
    NVIC_ClearIRQChannelPendingBit           0x08000bf7   Thumb Code    20  stm32f10x_nvic.o(.text)
    NVIC_GetCurrentActiveHandler             0x08000c0b   Thumb Code    10  stm32f10x_nvic.o(.text)
    NVIC_GetIRQChannelActiveBitStatus        0x08000c15   Thumb Code    42  stm32f10x_nvic.o(.text)
    NVIC_GetCPUID                            0x08000c3f   Thumb Code     8  stm32f10x_nvic.o(.text)
    NVIC_SetVectorTable                      0x08000c47   Thumb Code    14  stm32f10x_nvic.o(.text)
    NVIC_GenerateSystemReset                 0x08000c55   Thumb Code    12  stm32f10x_nvic.o(.text)
    NVIC_GenerateCoreReset                   0x08000c61   Thumb Code    12  stm32f10x_nvic.o(.text)
    NVIC_SystemLPConfig                      0x08000c6d   Thumb Code    38  stm32f10x_nvic.o(.text)
    NVIC_SystemHandlerConfig                 0x08000c93   Thumb Code    52  stm32f10x_nvic.o(.text)
    NVIC_SystemHandlerPriorityConfig         0x08000cc7   Thumb Code    98  stm32f10x_nvic.o(.text)
    NVIC_GetSystemHandlerPendingBitStatus    0x08000d29   Thumb Code    44  stm32f10x_nvic.o(.text)
    NVIC_SetSystemHandlerPendingBit          0x08000d55   Thumb Code    26  stm32f10x_nvic.o(.text)
    NVIC_ClearSystemHandlerPendingBit        0x08000d6f   Thumb Code    30  stm32f10x_nvic.o(.text)
    NVIC_GetSystemHandlerActiveBitStatus     0x08000d8d   Thumb Code    42  stm32f10x_nvic.o(.text)
    NVIC_GetFaultHandlerSources              0x08000db7   Thumb Code    66  stm32f10x_nvic.o(.text)
    NVIC_GetFaultAddress                     0x08000df9   Thumb Code    28  stm32f10x_nvic.o(.text)
    RCC_DeInit                               0x08000e31   Thumb Code    62  stm32f10x_rcc.o(.text)
    RCC_HSEConfig                            0x08000e6f   Thumb Code    70  stm32f10x_rcc.o(.text)
    RCC_GetFlagStatus                        0x08000eb5   Thumb Code    56  stm32f10x_rcc.o(.text)
    RCC_WaitForHSEStartUp                    0x08000eed   Thumb Code    46  stm32f10x_rcc.o(.text)
    RCC_AdjustHSICalibrationValue            0x08000f1b   Thumb Code    18  stm32f10x_rcc.o(.text)
    RCC_HSICmd                               0x08000f2d   Thumb Code     6  stm32f10x_rcc.o(.text)
    RCC_PLLConfig                            0x08000f33   Thumb Code    22  stm32f10x_rcc.o(.text)
    RCC_PLLCmd                               0x08000f49   Thumb Code     6  stm32f10x_rcc.o(.text)
    RCC_SYSCLKConfig                         0x08000f4f   Thumb Code    16  stm32f10x_rcc.o(.text)
    RCC_GetSYSCLKSource                      0x08000f5f   Thumb Code    10  stm32f10x_rcc.o(.text)
    RCC_HCLKConfig                           0x08000f69   Thumb Code    16  stm32f10x_rcc.o(.text)
    RCC_PCLK1Config                          0x08000f79   Thumb Code    16  stm32f10x_rcc.o(.text)
    RCC_PCLK2Config                          0x08000f89   Thumb Code    18  stm32f10x_rcc.o(.text)
    RCC_ITConfig                             0x08000f9b   Thumb Code    30  stm32f10x_rcc.o(.text)
    RCC_USBCLKConfig                         0x08000fb9   Thumb Code     8  stm32f10x_rcc.o(.text)
    RCC_ADCCLKConfig                         0x08000fc1   Thumb Code    16  stm32f10x_rcc.o(.text)
    RCC_LSEConfig                            0x08000fd1   Thumb Code    50  stm32f10x_rcc.o(.text)
    RCC_LSICmd                               0x08001003   Thumb Code     6  stm32f10x_rcc.o(.text)
    RCC_RTCCLKConfig                         0x08001009   Thumb Code    12  stm32f10x_rcc.o(.text)
    RCC_RTCCLKCmd                            0x08001015   Thumb Code     8  stm32f10x_rcc.o(.text)
    RCC_GetClocksFreq                        0x0800101d   Thumb Code   194  stm32f10x_rcc.o(.text)
    RCC_AHBPeriphClockCmd                    0x080010df   Thumb Code    26  stm32f10x_rcc.o(.text)
    RCC_APB2PeriphClockCmd                   0x080010f9   Thumb Code    26  stm32f10x_rcc.o(.text)
    RCC_APB1PeriphClockCmd                   0x08001113   Thumb Code    26  stm32f10x_rcc.o(.text)
    RCC_APB2PeriphResetCmd                   0x0800112d   Thumb Code    26  stm32f10x_rcc.o(.text)
    RCC_APB1PeriphResetCmd                   0x08001147   Thumb Code    26  stm32f10x_rcc.o(.text)
    RCC_BackupResetCmd                       0x08001161   Thumb Code     8  stm32f10x_rcc.o(.text)
    RCC_ClockSecuritySystemCmd               0x08001169   Thumb Code     6  stm32f10x_rcc.o(.text)
    RCC_MCOConfig                            0x0800116f   Thumb Code     6  stm32f10x_rcc.o(.text)
    RCC_ClearFlag                            0x08001175   Thumb Code    14  stm32f10x_rcc.o(.text)
    RCC_GetITStatus                          0x08001183   Thumb Code    20  stm32f10x_rcc.o(.text)
    RCC_ClearITPendingBit                    0x08001197   Thumb Code     6  stm32f10x_rcc.o(.text)
    SysTick_CLKSourceConfig                  0x080011bd   Thumb Code    40  stm32f10x_systick.o(.text)
    SysTick_SetReload                        0x080011e5   Thumb Code     8  stm32f10x_systick.o(.text)
    SysTick_CounterCmd                       0x080011ed   Thumb Code    54  stm32f10x_systick.o(.text)
    SysTick_ITConfig                         0x08001223   Thumb Code    38  stm32f10x_systick.o(.text)
    SysTick_GetCounter                       0x08001249   Thumb Code     8  stm32f10x_systick.o(.text)
    SysTick_GetFlagStatus                    0x08001251   Thumb Code    46  stm32f10x_systick.o(.text)
    main                                     0x08001281   Thumb Code   492  main.o(.text)
    NMIException                             0x0800147d   Thumb Code     4  stm32f10x_it.o(.text)
    HardFaultException                       0x08001481   Thumb Code     4  stm32f10x_it.o(.text)
    MemManageException                       0x08001485   Thumb Code     4  stm32f10x_it.o(.text)
    BusFaultException                        0x08001489   Thumb Code     4  stm32f10x_it.o(.text)
    UsageFaultException                      0x0800148d   Thumb Code     4  stm32f10x_it.o(.text)
    DebugMonitor                             0x08001491   Thumb Code     4  stm32f10x_it.o(.text)
    SVCHandler                               0x08001495   Thumb Code     4  stm32f10x_it.o(.text)
    PendSVC                                  0x08001499   Thumb Code     2  stm32f10x_it.o(.text)
    SysTickHandler                           0x0800149b   Thumb Code    18  stm32f10x_it.o(.text)
    WWDG_IRQHandler                          0x080014ad   Thumb Code     2  stm32f10x_it.o(.text)
    PVD_IRQHandler                           0x080014af   Thumb Code     2  stm32f10x_it.o(.text)
    TAMPER_IRQHandler                        0x080014b1   Thumb Code     2  stm32f10x_it.o(.text)
    RTC_IRQHandler                           0x080014b3   Thumb Code     2  stm32f10x_it.o(.text)
    FLASH_IRQHandler                         0x080014b5   Thumb Code     2  stm32f10x_it.o(.text)
    RCC_IRQHandler                           0x080014b7   Thumb Code     2  stm32f10x_it.o(.text)
    EXTI0_IRQHandler                         0x080014b9   Thumb Code     2  stm32f10x_it.o(.text)
    EXTI1_IRQHandler                         0x080014bb   Thumb Code     2  stm32f10x_it.o(.text)
    EXTI2_IRQHandler                         0x080014bd   Thumb Code     2  stm32f10x_it.o(.text)
    EXTI3_IRQHandler                         0x080014bf   Thumb Code     2  stm32f10x_it.o(.text)
    EXTI4_IRQHandler                         0x080014c1   Thumb Code     2  stm32f10x_it.o(.text)
    DMAChannel1_IRQHandler                   0x080014c3   Thumb Code     2  stm32f10x_it.o(.text)
    DMAChannel2_IRQHandler                   0x080014c5   Thumb Code     2  stm32f10x_it.o(.text)
    DMAChannel3_IRQHandler                   0x080014c7   Thumb Code     2  stm32f10x_it.o(.text)
    DMAChannel4_IRQHandler                   0x080014c9   Thumb Code     2  stm32f10x_it.o(.text)
    DMAChannel5_IRQHandler                   0x080014cb   Thumb Code     2  stm32f10x_it.o(.text)
    DMAChannel6_IRQHandler                   0x080014cd   Thumb Code     2  stm32f10x_it.o(.text)
    DMAChannel7_IRQHandler                   0x080014cf   Thumb Code     2  stm32f10x_it.o(.text)
    ADC_IRQHandler                           0x080014d1   Thumb Code     2  stm32f10x_it.o(.text)
    USB_HP_CAN_TX_IRQHandler                 0x080014d3   Thumb Code     2  stm32f10x_it.o(.text)
    USB_LP_CAN_RX0_IRQHandler                0x080014d5   Thumb Code     2  stm32f10x_it.o(.text)
    CAN_RX1_IRQHandler                       0x080014d7   Thumb Code     2  stm32f10x_it.o(.text)
    CAN_SCE_IRQHandler                       0x080014d9   Thumb Code     2  stm32f10x_it.o(.text)
    EXTI9_5_IRQHandler                       0x080014db   Thumb Code     2  stm32f10x_it.o(.text)
    TIM1_BRK_IRQHandler                      0x080014dd   Thumb Code     2  stm32f10x_it.o(.text)
    TIM1_UP_IRQHandler                       0x080014df   Thumb Code     2  stm32f10x_it.o(.text)
    TIM1_TRG_COM_IRQHandler                  0x080014e1   Thumb Code     2  stm32f10x_it.o(.text)
    TIM1_CC_IRQHandler                       0x080014e3   Thumb Code     2  stm32f10x_it.o(.text)
    TIM2_IRQHandler                          0x080014e5   Thumb Code     2  stm32f10x_it.o(.text)
    TIM3_IRQHandler                          0x080014e7   Thumb Code     2  stm32f10x_it.o(.text)
    TIM4_IRQHandler                          0x080014e9   Thumb Code     2  stm32f10x_it.o(.text)
    I2C1_EV_IRQHandler                       0x080014eb   Thumb Code     2  stm32f10x_it.o(.text)
    I2C1_ER_IRQHandler                       0x080014ed   Thumb Code     2  stm32f10x_it.o(.text)
    I2C2_EV_IRQHandler                       0x080014ef   Thumb Code     2  stm32f10x_it.o(.text)
    I2C2_ER_IRQHandler                       0x080014f1   Thumb Code     2  stm32f10x_it.o(.text)
    SPI1_IRQHandler                          0x080014f3   Thumb Code     2  stm32f10x_it.o(.text)
    SPI2_IRQHandler                          0x080014f5   Thumb Code     2  stm32f10x_it.o(.text)
    USART1_IRQHandler                        0x080014f7   Thumb Code     2  stm32f10x_it.o(.text)
    USART2_IRQHandler                        0x080014f9   Thumb Code     2  stm32f10x_it.o(.text)
    USART3_IRQHandler                        0x080014fb   Thumb Code     2  stm32f10x_it.o(.text)
    EXTI15_10_IRQHandler                     0x080014fd   Thumb Code     2  stm32f10x_it.o(.text)
    RTCAlarm_IRQHandler                      0x080014ff   Thumb Code     2  stm32f10x_it.o(.text)
    USBWakeUp_IRQHandler                     0x08001501   Thumb Code     2  stm32f10x_it.o(.text)
    Delay                                    0x08001509   Thumb Code    40  systemconfig.o(.text)
    SysTick_Configuration                    0x08001531   Thumb Code    28  systemconfig.o(.text)
    GPIO_Configuration                       0x0800154d   Thumb Code   110  systemconfig.o(.text)
    NVIC_Configuration                       0x080015bb   Thumb Code    52  systemconfig.o(.text)
    RCC_Configuration                        0x080015ef   Thumb Code   156  systemconfig.o(.text)
    SystemConfig_Startup                     0x0800168b   Thumb Code    30  systemconfig.o(.text)
    printf_swv                               0x080016a9   Thumb Code    20  systemconfig.o(.text)
    __use_two_region_memory                  0x080016d5   Thumb Code     2  stkheap2.o(.text)
    __rt_stackheap_init                      0x080016d7   Thumb Code    24  stkheap2.o(.text)
    __rt_heap_extend                         0x080016ef   Thumb Code    12  stkheap2.o(.text)
    __rt_entry                               0x080016fb   Thumb Code    36  kernel.o(.text)
    __rt_exit                                0x0800171f   Thumb Code    18  kernel.o(.text)
    __rt_abort                               0x08001731   Thumb Code     8  kernel.o(.text)
    __user_setup_stackheap                   0x08001739   Thumb Code    74  sys_stackheap_outer.o(.text)
    __rt_stackheap_storage                   0x08001785   Thumb Code     6  rt_stackheap_storage_intlibspace.o(.text)
    _sys_exit                                0x08001791   Thumb Code    16  sys_exit.o(.text)
    __user_libspace                          0x080017a5   Thumb Code     4  libspace.o(.text)
    __user_perproc_libspace                  0x080017a5   Thumb Code     0  libspace.o(.text)
    __user_perthread_libspace                0x080017a5   Thumb Code     0  libspace.o(.text)
    exit                                     0x080017ad   Thumb Code    12  exit.o(.text)
    __rt_lib_init                            0x080017b9   Thumb Code   174  lib_init.o(.text)
    __rt_lib_shutdown                        0x08001867   Thumb Code    18  lib_init.o(.text)
    _platform_post_stackheap_init            0x08001879   Thumb Code    10  boardinit2.o(.text)
    _platform_post_lib_init                  0x08001883   Thumb Code     8  boardinit3.o(.text)
    __I_use_semihosting                      0x0800188b   Thumb Code     0  use_no_semi.o(.text)
    __use_no_semihosting_swi                 0x0800188b   Thumb Code     2  use_no_semi.o(.text)
    __rt_locale                              0x0800188d   Thumb Code     6  rt_locale_intlibspace.o(.text)
    __ARM_get_argv                           0x08001899   Thumb Code     2  no_argv.o(.text)
    __rt_fp_status_addr                      0x0800189d   Thumb Code     6  rt_fp_status_addr_intlibspace.o(.text)
    _fp_init                                 0x080018a9   Thumb Code    14  fpinit.o(x$fpl$fpinit)
    __fplib_config_pureend_doubles           0x080018b5   Thumb Code     0  fpinit.o(x$fpl$fpinit)
    Region$$Table$$Base                      0x080018cc   Number         0  anon$$obj.o(Region$$Table)
    Region$$Table$$Limit                     0x080018ec   Number         0  anon$$obj.o(Region$$Table)
    TimingDelay                              0x20000000   Data           4  systemconfig.o(.data)
    __libspace_start                         0x20000004   Data          96  libspace.o(.bss)
    __temporary_stack_top_libspace           0x20000064   Number         0  libspace.o(.bss)


================================================================================

Memory Map of the image

  Image Entry point : 0x080000ed

  Load Region LR_IROM1 (Base: 0x08000000, Size: 0x000018f0, Max: 0x00010000, ABSOLUTE)

    Execution Region ER_IROM1 (Base: 0x08000000, Size: 0x000018ec, Max: 0x00010000, ABSOLUTE)

    Base Addr    Size         Type   Attr      Idx    E Section Name        Object

    0x08000000   0x000000ec   Data   RO            9    RESET               stm32f10x_vector.o
    0x080000ec   0x00000008   Code   RO          289  * !!!main             __main.o(c_w.l)
    0x080000f4   0x00000034   Code   RO          383    !!!scatter          __scatter.o(c_w.l)
    0x08000128   0x0000001a   Code   RO          385    !!handler_copy      __scatter_copy.o(c_w.l)
    0x08000142   0x00000002   PAD
    0x08000144   0x0000001c   Code   RO          387    !!handler_zi        __scatter_zi.o(c_w.l)
    0x08000160   0x00000004   Code   RO          310    .emb_text           lib_init.o(c_w.l)
    0x08000164   0x0000006e   Code   RO            1    .text               cortexm3_macro.o
    0x080001d2   0x00000002   PAD
    0x080001d4   0x00000024   Code   RO           10    .text               stm32f10x_vector.o
    0x080001f8   0x0000052c   Code   RO          120    .text               stm32f10x_flash.o
    0x08000724   0x00000320   Code   RO          135    .text               stm32f10x_gpio.o
    0x08000a44   0x000003ec   Code   RO          192    .text               stm32f10x_nvic.o
    0x08000e30   0x0000038c   Code   RO          216    .text               stm32f10x_rcc.o
    0x080011bc   0x000000c2   Code   RO          229    .text               stm32f10x_systick.o
    0x0800127e   0x00000002   PAD
    0x08001280   0x000001fc   Code   RO          241    .text               main.o
    0x0800147c   0x0000008c   Code   RO          256    .text               stm32f10x_it.o
    0x08001508   0x000001cc   Code   RO          272    .text               systemconfig.o
    0x080016d4   0x00000026   Code   RO          287    .text               stkheap2.o(c_w.l)
    0x080016fa   0x0000003e   Code   RO          291    .text               kernel.o(c_w.l)
    0x08001738   0x0000004a   Code   RO          294    .text               sys_stackheap_outer.o(c_w.l)
    0x08001782   0x00000002   PAD
    0x08001784   0x0000000c   Code   RO          299    .text               rt_stackheap_storage_intlibspace.o(c_w.l)
    0x08001790   0x00000014   Code   RO          301    .text               sys_exit.o(c_w.l)
    0x080017a4   0x00000008   Code   RO          303    .text               libspace.o(c_w.l)
    0x080017ac   0x0000000c   Code   RO          306    .text               exit.o(c_w.l)
    0x080017b8   0x000000c0   Code   RO          311    .text               lib_init.o(c_w.l)
    0x08001878   0x0000000a   Code   RO          316    .text               boardinit2.o(c_w.l)
    0x08001882   0x00000008   Code   RO          318    .text               boardinit3.o(c_w.l)
    0x0800188a   0x00000002   Code   RO          322    .text               use_no_semi.o(c_w.l)
    0x0800188c   0x0000000c   Code   RO          327    .text               rt_locale_intlibspace.o(c_w.l)
    0x08001898   0x00000002   Code   RO          333    .text               no_argv.o(c_w.l)
    0x0800189a   0x00000002   PAD
    0x0800189c   0x0000000c   Code   RO          342    .text               rt_fp_status_addr_intlibspace.o(c_w.l)
    0x080018a8   0x0000000e   Code   RO          335    x$fpl$fpinit        fpinit.o(fz_ws.l)
    0x080018b6   0x00000014   Data   RO          217    .constdata          stm32f10x_rcc.o
    0x080018ca   0x00000002   PAD
    0x080018cc   0x00000020   Data   RO          382    Region$$Table       anon$$obj.o


    Execution Region RW_IRAM1 (Base: 0x20000000, Size: 0x00000668, Max: 0x00002800, ABSOLUTE)

    Base Addr    Size         Type   Attr      Idx    E Section Name        Object

    0x20000000   0x00000004   Data   RW          273    .data               systemconfig.o
    0x20000004   0x00000060   Zero   RW          304    .bss                libspace.o(c_w.l)
    0x20000064   0x00000004   PAD
    0x20000068   0x00000200   Zero   RW            8    HEAP                stm32f10x_vector.o
    0x20000268   0x00000400   Zero   RW            7    STACK               stm32f10x_vector.o


================================================================================

Image component sizes


      Code (inc. data)   RO Data    RW Data    ZI Data      Debug   Object Name

       110          0          0          0          0        360   cortexm3_macro.o
       508         16          0          0          0        667   main.o
      1324         38          0          0          0      10610   stm32f10x_flash.o
       800         18          0          0          0      11067   stm32f10x_gpio.o
       140          6          0          0          0       4737   stm32f10x_it.o
         0          0          0          0          0       7728   stm32f10x_lib.o
      1004         28          0          0          0       6396   stm32f10x_nvic.o
       908         32         20          0          0       7772   stm32f10x_rcc.o
       194          0          0          0          0       1289   stm32f10x_systick.o
         0          0          0          0          0     185992   stm32f10x_tim.o
        36         22        236          0       1536       4298   stm32f10x_vector.o
       460         24          0          4          0       1482   systemconfig.o

    ------------------------------------------------------------------------
      5488        184        290          4       1536     242400   Object Totals
         0          0         32          0          0          0   (incl. Generated)
         4          0          2          0          0          2   (incl. Padding)

    ------------------------------------------------------------------------

      Code (inc. data)   RO Data    RW Data    ZI Data      Debug   Library Member Name

         8          0          0          0          0          0   __main.o
        52          8          0          0          0          0   __scatter.o
        26          0          0          0          0          0   __scatter_copy.o
        28          0          0          0          0          0   __scatter_zi.o
        10          0          0          0          0          0   boardinit2.o
         8          0          0          0          0          0   boardinit3.o
        12          0          0          0          0          0   exit.o
        14          0          0          0          0          0   fpinit.o
        62          0          0          0          0          0   kernel.o
       196          0          0          0          0          0   lib_init.o
         8          4          0          0         96          0   libspace.o
         2          0          0          0          0          0   no_argv.o
        12          6          0          0          0          0   rt_fp_status_addr_intlibspace.o
        12          6          0          0          0          0   rt_locale_intlibspace.o
        12          6          0          0          0          0   rt_stackheap_storage_intlibspace.o
        38          0          0          0          0          0   stkheap2.o
        20         10          0          0          0          0   sys_exit.o
        74          0          0          0          0          0   sys_stackheap_outer.o
         2          0          0          0          0          0   use_no_semi.o

    ------------------------------------------------------------------------
       602         40          0          0        100          0   Library Totals
         6          0          0          0          4          0   (incl. Padding)

    ------------------------------------------------------------------------

      Code (inc. data)   RO Data    RW Data    ZI Data      Debug   Library Name

       582         40          0          0         96          0   c_w.l
        14          0          0          0          0          0   fz_ws.l

    ------------------------------------------------------------------------
       602         40          0          0        100          0   Library Totals

    ------------------------------------------------------------------------

================================================================================


      Code (inc. data)   RO Data    RW Data    ZI Data      Debug   

      6090        224        290          4       1636     242400   Grand Totals
      6090        224        290          4       1636     242400   ELF Image Totals
      6090        224        290          4          0          0   ROM Totals

================================================================================

    Total RO  Size (Code + RO Data)                 6380 (   6.23kB)
    Total RW  Size (RW Data + ZI Data)              1640 (   1.60kB)
    Total ROM Size (Code + RO Data + RW Data)       6384 (   6.23kB)

================================================================================

